Sep  5 21:43:58 cu-cs-vm rsyslogd: [origin software="rsyslogd" swVersion="8.16.0" x-pid="1618" x-info="http://www.rsyslog.com"] rsyslogd was HUPed
Sep  5 21:44:02 cu-cs-vm anacron[1685]: Job `cron.daily' terminated
Sep  5 21:48:57 cu-cs-vm uptimed: moving up to position 8: 0 days, 00:10:05
Sep  5 21:48:57 cu-cs-vm anacron[1685]: Job `cron.weekly' started
Sep  5 21:48:57 cu-cs-vm anacron[3309]: Updated timestamp for job `cron.weekly' to 2016-09-05
Sep  5 21:48:58 cu-cs-vm anacron[1685]: Job `cron.weekly' terminated
Sep  5 21:48:58 cu-cs-vm anacron[1685]: Normal exit (2 jobs run)
Sep  5 21:53:57 cu-cs-vm systemd[1]: Starting Cleanup of Temporary Directories...
Sep  5 21:53:57 cu-cs-vm systemd-tmpfiles[3347]: [/usr/lib/tmpfiles.d/var.conf:14] Duplicate line for path "/var/log", ignoring.
Sep  5 21:53:57 cu-cs-vm systemd[1]: Started Cleanup of Temporary Directories.
Sep  5 21:55:19 cu-cs-vm systemd[1]: Stopping Save/Restore Sound Card State...
Sep  5 21:55:19 cu-cs-vm systemd[1]: Stopping RealtimeKit Scheduling Policy Service...
Sep  5 21:55:19 cu-cs-vm systemd[1]: Closed Load/Save RF Kill Switch Status /dev/rfkill Watch.
Sep  5 21:55:19 cu-cs-vm systemd[1]: Stopping ACPI event daemon...
Sep  5 21:55:19 cu-cs-vm systemd[1]: Stopped target Graphical Interface.
Sep  5 21:55:19 cu-cs-vm systemd[1]: Stopped target Multi-User System.
Sep  5 21:55:19 cu-cs-vm systemd[1]: Stopping Make remote CUPS printers available locally...
Sep  5 21:55:19 cu-cs-vm systemd[1]: Stopping uptime record daemon...
Sep  5 21:55:19 cu-cs-vm systemd[1]: Stopping OpenBSD Secure Shell server...
Sep  5 21:55:19 cu-cs-vm systemd[1]: Stopping System Logging Service...
Sep  5 21:55:19 cu-cs-vm systemd[1]: Stopping LSB: Set the CPU Frequency Scaling governor to "ondemand"...
Sep  5 21:55:19 cu-cs-vm systemd[1]: Stopping LSB: Speech Dispatcher...
Sep  5 21:43:58 cu-cs-vm rsyslogd: [origin software="rsyslogd" swVersion="8.16.0" x-pid="1618" x-info="http://www.rsyslog.com"] rsyslogd was HUPed
Sep  5 21:55:19 cu-cs-vm rsyslogd: [origin software="rsyslogd" swVersion="8.16.0" x-pid="1618" x-info="http://www.rsyslog.com"] exiting on signal 15.
Sep  5 21:56:55 cu-cs-vm systemd-modules-load[596]: Inserted module 'lp'
Sep  5 21:56:55 cu-cs-vm loadkeys[594]: Loading /etc/console-setup/cached.kmap.gz
Sep  5 21:56:55 cu-cs-vm systemd-modules-load[596]: Inserted module 'ppdev'
Sep  5 21:56:55 cu-cs-vm systemd-modules-load[596]: Inserted module 'parport_pc'
Sep  5 21:56:55 cu-cs-vm systemd[1]: Starting Create Static Device Nodes in /dev...
Sep  5 21:56:55 cu-cs-vm systemd[1]: Starting Apply Kernel Variables...
Sep  5 21:56:55 cu-cs-vm systemd[1]: Mounting FUSE Control File System...
Sep  5 21:56:55 cu-cs-vm systemd[1]: Started Apply Kernel Variables.
Sep  5 21:56:55 cu-cs-vm systemd[1]: Mounted FUSE Control File System.
Sep  5 21:56:55 cu-cs-vm systemd[1]: Started Create Static Device Nodes in /dev.
Sep  5 21:56:55 cu-cs-vm systemd[1]: Starting udev Kernel Device Manager...
Sep  5 21:56:55 cu-cs-vm systemd[1]: Started udev Kernel Device Manager.
Sep  5 21:56:55 cu-cs-vm systemd[1]: Starting Remount Root and Kernel File Systems...
Sep  5 21:56:55 cu-cs-vm systemd[1]: Started Remount Root and Kernel File Systems.
Sep  5 21:56:55 cu-cs-vm systemd[1]: Starting udev Coldplug all Devices...
Sep  5 21:56:55 cu-cs-vm systemd[1]: Starting Load/Save Random Seed...
Sep  5 21:56:55 cu-cs-vm systemd[1]: Reached target Local File Systems (Pre).
Sep  5 21:56:55 cu-cs-vm systemd[1]: Starting Flush Journal to Persistent Storage...
Sep  5 21:56:55 cu-cs-vm systemd[1]: Started Load/Save Random Seed.
Sep  5 21:56:55 cu-cs-vm systemd[1]: Started Flush Journal to Persistent Storage.
Sep  5 21:56:55 cu-cs-vm systemd[1]: Started udev Coldplug all Devices.
Sep  5 21:56:55 cu-cs-vm systemd[1]: Started Dispatch Password Requests to Console Directory Watch.
Sep  5 21:56:55 cu-cs-vm mtp-probe: checking bus 1, device 2: "/sys/devices/pci0000:00/0000:00:06.0/usb1/1-1"
Sep  5 21:56:55 cu-cs-vm mtp-probe: bus: 1, device: 2 was not an MTP device
Sep  5 21:56:55 cu-cs-vm systemd-udevd[678]: Process '/lib/udev/hdparm' failed with exit code 5.
Sep  5 21:56:55 cu-cs-vm systemd[1]: Found device VBOX_HARDDISK 1.
Sep  5 21:56:55 cu-cs-vm systemd[1]: Starting File System Check on /dev/disk/by-uuid/7edb9fb6-5937-400b-b2d4-95dbf988ef57...
Sep  5 21:56:55 cu-cs-vm systemd[1]: Started File System Check Daemon to report status.
Sep  5 21:56:55 cu-cs-vm systemd[1]: Started File System Check on /dev/disk/by-uuid/7edb9fb6-5937-400b-b2d4-95dbf988ef57.
Sep  5 21:56:55 cu-cs-vm systemd[1]: Mounting /home...
Sep  5 21:56:55 cu-cs-vm systemd[1]: Mounted /home.
Sep  5 21:56:55 cu-cs-vm systemd[1]: Reached target Local File Systems.
Sep  5 21:56:55 cu-cs-vm systemd[1]: Starting Enable support for additional executable binary formats...
Sep  5 21:56:55 cu-cs-vm systemd[1]: Starting Tell Plymouth To Write Out Runtime Data...
Sep  5 21:56:55 cu-cs-vm systemd[1]: Starting LSB: AppArmor initialization...
Sep  5 21:56:55 cu-cs-vm systemd[1]: Starting Create Volatile Files and Directories...
Sep  5 21:56:55 cu-cs-vm systemd-tmpfiles[1228]: [/usr/lib/tmpfiles.d/var.conf:14] Duplicate line for path "/var/log", ignoring.
Sep  5 21:56:55 cu-cs-vm systemd[1]: Starting Set console font and keymap...
Sep  5 21:56:55 cu-cs-vm systemd[1]: Started Tell Plymouth To Write Out Runtime Data.
Sep  5 21:56:55 cu-cs-vm systemd[1]: Started Create Volatile Files and Directories.
Sep  5 21:56:55 cu-cs-vm systemd[1]: proc-sys-fs-binfmt_misc.automount: Got automount request for /proc/sys/fs/binfmt_misc, triggered by 1200 (update-binfmts)
Sep  5 21:56:55 cu-cs-vm apparmor[1226]:  * Starting AppArmor profiles
Sep  5 21:56:55 cu-cs-vm systemd[1]: Mounting Arbitrary Executable File Formats File System...
Sep  5 21:56:55 cu-cs-vm systemd[1]: Reached target System Time Synchronized.
Sep  5 21:56:55 cu-cs-vm systemd[1]: Starting Update UTMP about System Boot/Shutdown...
Sep  5 21:56:55 cu-cs-vm systemd[1]: Mounted Arbitrary Executable File Formats File System.
Sep  5 21:56:55 cu-cs-vm systemd[1]: Started Enable support for additional executable binary formats.
Sep  5 21:56:55 cu-cs-vm systemd[1]: Started Update UTMP about System Boot/Shutdown.
Sep  5 21:56:55 cu-cs-vm systemd[1]: Started Set console font and keymap.
Sep  5 21:56:55 cu-cs-vm apparmor[1226]: Skipping profile in /etc/apparmor.d/disable: usr.bin.firefox
Sep  5 21:56:55 cu-cs-vm systemd[1]: Created slice system-getty.slice.
Sep  5 21:56:55 cu-cs-vm apparmor[1226]: Skipping profile in /etc/apparmor.d/disable: usr.sbin.rsyslogd
Sep  5 21:56:55 cu-cs-vm apparmor[1226]:    ...done.
Sep  5 21:56:55 cu-cs-vm systemd[1]: Started LSB: AppArmor initialization.
Sep  5 21:56:55 cu-cs-vm systemd[1]: Starting Raise network interfaces...
Sep  5 21:56:55 cu-cs-vm systemd[1]: Reached target System Initialization.
Sep  5 21:56:55 cu-cs-vm systemd[1]: Listening on ACPID Listen Socket.
Sep  5 21:56:55 cu-cs-vm systemd[1]: Started Daily Cleanup of Temporary Directories.
Sep  5 21:56:55 cu-cs-vm systemd[1]: Listening on Avahi mDNS/DNS-SD Stack Activation Socket.
Sep  5 21:56:55 cu-cs-vm systemd[1]: Listening on UUID daemon activation socket.
Sep  5 21:56:55 cu-cs-vm systemd[1]: Listening on D-Bus System Message Bus Socket.
Sep  5 21:56:55 cu-cs-vm systemd[1]: Started ACPI Events Check.
Sep  5 21:56:55 cu-cs-vm systemd[1]: Started Trigger resolvconf update for networkd DNS.
Sep  5 21:56:55 cu-cs-vm systemd[1]: Started CUPS Scheduler.
Sep  5 21:56:55 cu-cs-vm systemd[1]: Reached target Paths.
Sep  5 21:56:55 cu-cs-vm systemd[1]: Starting Socket activation for snappy daemon.
Sep  5 21:56:55 cu-cs-vm systemd[1]: apt-daily.timer: Adding 3h 55min 38.085514s random time.
Sep  5 21:56:55 cu-cs-vm systemd[1]: Started Daily apt activities.
Sep  5 21:56:55 cu-cs-vm systemd[1]: Listening on CUPS Scheduler.
Sep  5 21:56:55 cu-cs-vm systemd[1]: snapd.refresh.timer: Adding 2h 3min 8.813030s random time.
Sep  5 21:56:55 cu-cs-vm systemd[1]: snapd.refresh.timer: Adding 5h 54min 53.988038s random time.
Sep  5 21:56:55 cu-cs-vm systemd[1]: Started Timer to automatically refresh installed snaps.
Sep  5 21:56:55 cu-cs-vm systemd[1]: Reached target Timers.
Sep  5 21:56:55 cu-cs-vm systemd[1]: Listening on Socket activation for snappy daemon.
Sep  5 21:56:55 cu-cs-vm systemd[1]: Listening on Load/Save RF Kill Switch Status /dev/rfkill Watch.
Sep  5 21:56:55 cu-cs-vm systemd[1]: Reached target Sockets.
Sep  5 21:56:55 cu-cs-vm systemd[1]: Reached target Basic System.
Sep  5 21:56:55 cu-cs-vm systemd[1]: Started Run anacron jobs.
Sep  5 21:56:55 cu-cs-vm systemd[1]: Started ACPI event daemon.
Sep  5 21:56:55 cu-cs-vm systemd[1]: Starting LSB: Execute the kexec -e command to reboot system...
Sep  5 21:56:55 cu-cs-vm anacron[1491]: Anacron 2.3 started on 2016-09-05
Sep  5 21:56:55 cu-cs-vm anacron[1491]: Normal exit (0 jobs run)
Sep  5 21:56:55 cu-cs-vm systemd[1]: Starting Permit User Sessions...
Sep  5 21:56:55 cu-cs-vm systemd[1]: Started CUPS Scheduler.
Sep  5 21:56:55 cu-cs-vm systemd[1]: Started Snappy daemon.
Sep  5 21:56:55 cu-cs-vm systemd[1]: Starting Avahi mDNS/DNS-SD Stack...
Sep  5 21:56:55 cu-cs-vm systemd[1]: Starting LSB: Set the CPU Frequency Scaling governor to "ondemand"...
Sep  5 21:56:55 cu-cs-vm systemd[1]: Starting vboxadd-x11.service...
Sep  5 21:56:55 cu-cs-vm acpid: starting up with netlink and the input layer
Sep  5 21:56:55 cu-cs-vm acpid: 9 rules loaded
Sep  5 21:56:55 cu-cs-vm systemd[1]: Started crash report submission daemon.
Sep  5 21:56:55 cu-cs-vm acpid: waiting for events: event logging is off
Sep  5 21:56:55 cu-cs-vm /usr/lib/snapd/snapd[1528]: daemon.go:192: DEBUG: adding /
Sep  5 21:56:55 cu-cs-vm /usr/lib/snapd/snapd[1528]: daemon.go:192: DEBUG: adding /v2/system-info
Sep  5 21:56:55 cu-cs-vm /usr/lib/snapd/snapd[1528]: daemon.go:192: DEBUG: adding /v2/login
Sep  5 21:56:55 cu-cs-vm /usr/lib/snapd/snapd[1528]: daemon.go:192: DEBUG: adding /v2/logout
Sep  5 21:56:55 cu-cs-vm /usr/lib/snapd/snapd[1528]: daemon.go:192: DEBUG: adding /v2/icons/{name}/icon
Sep  5 21:56:55 cu-cs-vm /usr/lib/snapd/snapd[1528]: daemon.go:192: DEBUG: adding /v2/find
Sep  5 21:56:55 cu-cs-vm /usr/lib/snapd/snapd[1528]: daemon.go:192: DEBUG: adding /v2/snaps
Sep  5 21:56:55 cu-cs-vm /usr/lib/snapd/snapd[1528]: daemon.go:192: DEBUG: adding /v2/snaps/{name}
Sep  5 21:56:55 cu-cs-vm /usr/lib/snapd/snapd[1528]: daemon.go:192: DEBUG: adding /v2/interfaces
Sep  5 21:56:55 cu-cs-vm systemd[1]: Started D-Bus System Message Bus.
Sep  5 21:56:55 cu-cs-vm /usr/lib/snapd/snapd[1528]: daemon.go:192: DEBUG: adding /v2/assertions
Sep  5 21:56:55 cu-cs-vm /usr/lib/snapd/snapd[1528]: daemon.go:192: DEBUG: adding /v2/assertions/{assertType}
Sep  5 21:56:55 cu-cs-vm /usr/lib/snapd/snapd[1528]: daemon.go:192: DEBUG: adding /v2/events
Sep  5 21:56:55 cu-cs-vm /usr/lib/snapd/snapd[1528]: daemon.go:192: DEBUG: adding /v2/changes/{id}
Sep  5 21:56:55 cu-cs-vm /usr/lib/snapd/snapd[1528]: daemon.go:192: DEBUG: adding /v2/changes
Sep  5 21:56:55 cu-cs-vm /usr/lib/snapd/snapd[1528]: daemon.go:192: DEBUG: adding /v2/create-user
Sep  5 21:56:55 cu-cs-vm /usr/lib/snapd/snapd[1528]: daemon.go:192: DEBUG: adding /v2/buy
Sep  5 21:56:55 cu-cs-vm /usr/lib/snapd/snapd[1528]: daemon.go:192: DEBUG: adding /v2/buy/methods
Sep  5 21:56:55 cu-cs-vm /usr/lib/snapd/snapd[1528]: daemon.go:192: DEBUG: adding /v2/snapctl
Sep  5 21:56:55 cu-cs-vm /usr/lib/snapd/snapd[1528]: daemon.go:182: DEBUG: init done in 15.702312ms
Sep  5 21:56:55 cu-cs-vm avahi-daemon[1541]: Found user 'avahi' (UID 111) and group 'avahi' (GID 120).
Sep  5 21:56:55 cu-cs-vm avahi-daemon[1541]: Successfully dropped root privileges.
Sep  5 21:56:55 cu-cs-vm avahi-daemon[1541]: avahi-daemon 0.6.32-rc starting up.
Sep  5 21:56:55 cu-cs-vm dbus[1563]: [system] AppArmor D-Bus mediation is enabled
Sep  5 21:56:55 cu-cs-vm avahi-daemon[1541]: Successfully called chroot().
Sep  5 21:56:55 cu-cs-vm avahi-daemon[1541]: Successfully dropped remaining capabilities.
Sep  5 21:56:55 cu-cs-vm avahi-daemon[1541]: No service file found in /etc/avahi/services.
Sep  5 21:56:55 cu-cs-vm avahi-daemon[1541]: Network interface enumeration completed.
Sep  5 21:56:55 cu-cs-vm avahi-daemon[1541]: Server startup complete. Host name is cu-cs-vm.local. Local service cookie is 1904914788.
Sep  5 21:56:55 cu-cs-vm systemd[1]: Started Avahi mDNS/DNS-SD Stack.
Sep  5 21:56:55 cu-cs-vm systemd[1]: Started Make remote CUPS printers available locally.
Sep  5 21:56:55 cu-cs-vm systemd[1]: Starting System Logging Service...
Sep  5 21:56:55 cu-cs-vm systemd[1]: Starting LSB: Speech Dispatcher...
Sep  5 21:56:55 cu-cs-vm rsyslogd: [origin software="rsyslogd" swVersion="8.16.0" x-pid="1587" x-info="http://www.rsyslog.com"] start
Sep  5 21:56:55 cu-cs-vm rsyslogd-2222: command 'KLogPermitNonKernelFacility' is currently not permitted - did you already set it via a RainerScript command (v6+ config)? [v8.16.0 try http://www.rsyslog.com/e/2222 ]
Sep  5 21:56:55 cu-cs-vm rsyslogd: rsyslogd's groupid changed to 108
Sep  5 21:56:55 cu-cs-vm rsyslogd: rsyslogd's userid changed to 104
Sep  5 21:56:55 cu-cs-vm kernel: [    0.000000] Initializing cgroup subsys cpuset
Sep  5 21:56:55 cu-cs-vm kernel: [    0.000000] Initializing cgroup subsys cpu
Sep  5 21:56:55 cu-cs-vm kernel: [    0.000000] Initializing cgroup subsys cpuacct
Sep  5 21:56:55 cu-cs-vm kernel: [    0.000000] Linux version 4.4.16ver1 (root@cu-cs-vm) (gcc version 5.4.0 20160609 (Ubuntu 5.4.0-6ubuntu1~16.04.2) ) #3 SMP Mon Sep 5 21:34:48 MDT 2016 (Ubuntu 4.4.0-36.55-generic 4.4.16)
Sep  5 21:56:55 cu-cs-vm kernel: [    0.000000] Command line: BOOT_IMAGE=/@/boot/vmlinuz-4.4.16ver1 root=UUID=7edb9fb6-5937-400b-b2d4-95dbf988ef57 ro rootflags=subvol=@ crashkernel=384M-:128M
Sep  5 21:56:55 cu-cs-vm kernel: [    0.000000] KERNEL supported cpus:
Sep  5 21:56:55 cu-cs-vm kernel: [    0.000000]   Intel GenuineIntel
Sep  5 21:56:55 cu-cs-vm kernel: [    0.000000]   AMD AuthenticAMD
Sep  5 21:56:55 cu-cs-vm kernel: [    0.000000]   Centaur CentaurHauls
Sep  5 21:56:55 cu-cs-vm kernel: [    0.000000] x86/fpu: xstate_offset[2]:  576, xstate_sizes[2]:  256
Sep  5 21:56:55 cu-cs-vm kernel: [    0.000000] x86/fpu: Supporting XSAVE feature 0x01: 'x87 floating point registers'
Sep  5 21:56:55 cu-cs-vm kernel: [    0.000000] x86/fpu: Supporting XSAVE feature 0x02: 'SSE registers'
Sep  5 21:56:55 cu-cs-vm kernel: [    0.000000] x86/fpu: Supporting XSAVE feature 0x04: 'AVX registers'
Sep  5 21:56:55 cu-cs-vm kernel: [    0.000000] x86/fpu: Enabled xstate features 0x7, context size is 832 bytes, using 'standard' format.
Sep  5 21:56:55 cu-cs-vm kernel: [    0.000000] x86/fpu: Using 'lazy' FPU context switches.
Sep  5 21:56:55 cu-cs-vm kernel: [    0.000000] e820: BIOS-provided physical RAM map:
Sep  5 21:56:55 cu-cs-vm kernel: [    0.000000] BIOS-e820: [mem 0x0000000000000000-0x000000000009fbff] usable
Sep  5 21:56:55 cu-cs-vm kernel: [    0.000000] BIOS-e820: [mem 0x000000000009fc00-0x000000000009ffff] reserved
Sep  5 21:56:55 cu-cs-vm kernel: [    0.000000] BIOS-e820: [mem 0x00000000000f0000-0x00000000000fffff] reserved
Sep  5 21:56:55 cu-cs-vm kernel: [    0.000000] BIOS-e820: [mem 0x0000000000100000-0x000000007ffeffff] usable
Sep  5 21:56:55 cu-cs-vm kernel: [    0.000000] BIOS-e820: [mem 0x000000007fff0000-0x000000007fffffff] ACPI data
Sep  5 21:56:55 cu-cs-vm kernel: [    0.000000] BIOS-e820: [mem 0x00000000fec00000-0x00000000fec00fff] reserved
Sep  5 21:56:55 cu-cs-vm kernel: [    0.000000] BIOS-e820: [mem 0x00000000fee00000-0x00000000fee00fff] reserved
Sep  5 21:56:55 cu-cs-vm kernel: [    0.000000] BIOS-e820: [mem 0x00000000fffc0000-0x00000000ffffffff] reserved
Sep  5 21:56:55 cu-cs-vm kernel: [    0.000000] NX (Execute Disable) protection: active
Sep  5 21:56:55 cu-cs-vm kernel: [    0.000000] SMBIOS 2.5 present.
Sep  5 21:56:55 cu-cs-vm kernel: [    0.000000] DMI: innotek GmbH VirtualBox/VirtualBox, BIOS VirtualBox 12/01/2006
Sep  5 21:56:55 cu-cs-vm kernel: [    0.000000] Hypervisor detected: KVM
Sep  5 21:56:55 cu-cs-vm kernel: [    0.000000] e820: update [mem 0x00000000-0x00000fff] usable ==> reserved
Sep  5 21:56:55 cu-cs-vm kernel: [    0.000000] e820: remove [mem 0x000a0000-0x000fffff] usable
Sep  5 21:56:55 cu-cs-vm kernel: [    0.000000] e820: last_pfn = 0x7fff0 max_arch_pfn = 0x400000000
Sep  5 21:56:55 cu-cs-vm kernel: [    0.000000] MTRR default type: uncachable
Sep  5 21:56:55 cu-cs-vm kernel: [    0.000000] MTRR variable ranges disabled:
Sep  5 21:56:55 cu-cs-vm kernel: [    0.000000] x86/PAT: Configuration [0-7]: WB  WC  UC- UC  WB  WC  UC- WT  
Sep  5 21:56:55 cu-cs-vm kernel: [    0.000000] MTRR: Disabled
Sep  5 21:56:55 cu-cs-vm kernel: [    0.000000] CPU MTRRs all blank - virtualized system.
Sep  5 21:56:55 cu-cs-vm kernel: [    0.000000] found SMP MP-table at [mem 0x0009fff0-0x0009ffff] mapped at [ffff88000009fff0]
Sep  5 21:56:55 cu-cs-vm kernel: [    0.000000] Scanning 1 areas for low memory corruption
Sep  5 21:56:55 cu-cs-vm kernel: [    0.000000] Base memory trampoline at [ffff880000099000] 99000 size 24576
Sep  5 21:56:55 cu-cs-vm kernel: [    0.000000] BRK [0x021fb000, 0x021fbfff] PGTABLE
Sep  5 21:56:55 cu-cs-vm kernel: [    0.000000] BRK [0x021fc000, 0x021fcfff] PGTABLE
Sep  5 21:56:55 cu-cs-vm kernel: [    0.000000] BRK [0x021fd000, 0x021fdfff] PGTABLE
Sep  5 21:56:55 cu-cs-vm kernel: [    0.000000] BRK [0x021fe000, 0x021fefff] PGTABLE
Sep  5 21:56:55 cu-cs-vm kernel: [    0.000000] BRK [0x021ff000, 0x021fffff] PGTABLE
Sep  5 21:56:55 cu-cs-vm kernel: [    0.000000] RAMDISK: [mem 0x33862000-0x35c28fff]
Sep  5 21:56:55 cu-cs-vm kernel: [    0.000000] ACPI: Early table checksum verification disabled
Sep  5 21:56:55 cu-cs-vm kernel: [    0.000000] ACPI: RSDP 0x00000000000E0000 000024 (v02 VBOX  )
Sep  5 21:56:55 cu-cs-vm kernel: [    0.000000] ACPI: XSDT 0x000000007FFF0030 00003C (v01 VBOX   VBOXXSDT 00000001 ASL  00000061)
Sep  5 21:56:55 cu-cs-vm kernel: [    0.000000] ACPI: FACP 0x000000007FFF00F0 0000F4 (v04 VBOX   VBOXFACP 00000001 ASL  00000061)
Sep  5 21:56:55 cu-cs-vm kernel: [    0.000000] ACPI: DSDT 0x000000007FFF0470 00210F (v01 VBOX   VBOXBIOS 00000002 INTL 20100528)
Sep  5 21:56:55 cu-cs-vm kernel: [    0.000000] ACPI: FACS 0x000000007FFF0200 000040
Sep  5 21:56:55 cu-cs-vm kernel: [    0.000000] ACPI: FACS 0x000000007FFF0200 000040
Sep  5 21:56:55 cu-cs-vm kernel: [    0.000000] ACPI: APIC 0x000000007FFF0240 00005C (v02 VBOX   VBOXAPIC 00000001 ASL  00000061)
Sep  5 21:56:55 cu-cs-vm kernel: [    0.000000] ACPI: SSDT 0x000000007FFF02A0 0001CC (v01 VBOX   VBOXCPUT 00000002 INTL 20100528)
Sep  5 21:56:55 cu-cs-vm kernel: [    0.000000] ACPI: Local APIC address 0xfee00000
Sep  5 21:56:55 cu-cs-vm kernel: [    0.000000] No NUMA configuration found
Sep  5 21:56:55 cu-cs-vm kernel: [    0.000000] Faking a node at [mem 0x0000000000000000-0x000000007ffeffff]
Sep  5 21:56:55 cu-cs-vm kernel: [    0.000000] NODE_DATA(0) allocated [mem 0x7ffeb000-0x7ffeffff]
Sep  5 21:56:55 cu-cs-vm kernel: [    0.000000] Reserving 128MB of memory at 688MB for crashkernel (System RAM: 2047MB)
Sep  5 21:56:55 cu-cs-vm kernel: [    0.000000] kvm-clock: Using msrs 4b564d01 and 4b564d00
Sep  5 21:56:55 cu-cs-vm kernel: [    0.000000] kvm-clock: cpu 0, msr 0:7ffe7001, primary cpu clock
Sep  5 21:56:55 cu-cs-vm kernel: [    0.000000] kvm-clock: using sched offset of 8666990365 cycles
Sep  5 21:56:55 cu-cs-vm kernel: [    0.000000] clocksource: kvm-clock: mask: 0xffffffffffffffff max_cycles: 0x1cd42e4dffb, max_idle_ns: 881590591483 ns
Sep  5 21:56:55 cu-cs-vm kernel: [    0.000000] Zone ranges:
Sep  5 21:56:55 cu-cs-vm kernel: [    0.000000]   DMA      [mem 0x0000000000001000-0x0000000000ffffff]
Sep  5 21:56:55 cu-cs-vm kernel: [    0.000000]   DMA32    [mem 0x0000000001000000-0x000000007ffeffff]
Sep  5 21:56:55 cu-cs-vm kernel: [    0.000000]   Normal   empty
Sep  5 21:56:55 cu-cs-vm kernel: [    0.000000]   Device   empty
Sep  5 21:56:55 cu-cs-vm kernel: [    0.000000] Movable zone start for each node
Sep  5 21:56:55 cu-cs-vm kernel: [    0.000000] Early memory node ranges
Sep  5 21:56:55 cu-cs-vm kernel: [    0.000000]   node   0: [mem 0x0000000000001000-0x000000000009efff]
Sep  5 21:56:55 cu-cs-vm kernel: [    0.000000]   node   0: [mem 0x0000000000100000-0x000000007ffeffff]
Sep  5 21:56:55 cu-cs-vm kernel: [    0.000000] Initmem setup node 0 [mem 0x0000000000001000-0x000000007ffeffff]
Sep  5 21:56:55 cu-cs-vm kernel: [    0.000000] On node 0 totalpages: 524174
Sep  5 21:56:55 cu-cs-vm kernel: [    0.000000]   DMA zone: 64 pages used for memmap
Sep  5 21:56:55 cu-cs-vm kernel: [    0.000000]   DMA zone: 21 pages reserved
Sep  5 21:56:55 cu-cs-vm kernel: [    0.000000]   DMA zone: 3998 pages, LIFO batch:0
Sep  5 21:56:55 cu-cs-vm kernel: [    0.000000]   DMA32 zone: 8128 pages used for memmap
Sep  5 21:56:55 cu-cs-vm kernel: [    0.000000]   DMA32 zone: 520176 pages, LIFO batch:31
Sep  5 21:56:55 cu-cs-vm kernel: [    0.000000] ACPI: PM-Timer IO Port: 0x4008
Sep  5 21:56:55 cu-cs-vm kernel: [    0.000000] ACPI: Local APIC address 0xfee00000
Sep  5 21:56:55 cu-cs-vm kernel: [    0.000000] IOAPIC[0]: apic_id 2, version 32, address 0xfec00000, GSI 0-23
Sep  5 21:56:55 cu-cs-vm kernel: [    0.000000] ACPI: INT_SRC_OVR (bus 0 bus_irq 0 global_irq 2 dfl dfl)
Sep  5 21:56:55 cu-cs-vm kernel: [    0.000000] ACPI: INT_SRC_OVR (bus 0 bus_irq 9 global_irq 9 high level)
Sep  5 21:56:55 cu-cs-vm kernel: [    0.000000] ACPI: IRQ0 used by override.
Sep  5 21:56:55 cu-cs-vm kernel: [    0.000000] ACPI: IRQ9 used by override.
Sep  5 21:56:55 cu-cs-vm kernel: [    0.000000] Using ACPI (MADT) for SMP configuration information
Sep  5 21:56:55 cu-cs-vm kernel: [    0.000000] smpboot: Allowing 2 CPUs, 0 hotplug CPUs
Sep  5 21:56:55 cu-cs-vm kernel: [    0.000000] PM: Registered nosave memory: [mem 0x00000000-0x00000fff]
Sep  5 21:56:55 cu-cs-vm kernel: [    0.000000] PM: Registered nosave memory: [mem 0x0009f000-0x0009ffff]
Sep  5 21:56:55 cu-cs-vm kernel: [    0.000000] PM: Registered nosave memory: [mem 0x000a0000-0x000effff]
Sep  5 21:56:55 cu-cs-vm kernel: [    0.000000] PM: Registered nosave memory: [mem 0x000f0000-0x000fffff]
Sep  5 21:56:55 cu-cs-vm kernel: [    0.000000] e820: [mem 0x80000000-0xfebfffff] available for PCI devices
Sep  5 21:56:55 cu-cs-vm kernel: [    0.000000] Booting paravirtualized kernel on KVM
Sep  5 21:56:55 cu-cs-vm kernel: [    0.000000] clocksource: refined-jiffies: mask: 0xffffffff max_cycles: 0xffffffff, max_idle_ns: 7645519600211568 ns
Sep  5 21:56:55 cu-cs-vm kernel: [    0.000000] setup_percpu: NR_CPUS:256 nr_cpumask_bits:256 nr_cpu_ids:2 nr_node_ids:1
Sep  5 21:56:55 cu-cs-vm kernel: [    0.000000] PERCPU: Embedded 33 pages/cpu @ffff88007fc00000 s97944 r8192 d29032 u1048576
Sep  5 21:56:55 cu-cs-vm kernel: [    0.000000] pcpu-alloc: s97944 r8192 d29032 u1048576 alloc=1*2097152
Sep  5 21:56:55 cu-cs-vm kernel: [    0.000000] pcpu-alloc: [0] 0 1 
Sep  5 21:56:55 cu-cs-vm kernel: [    0.000000] PV qspinlock hash table entries: 256 (order: 0, 4096 bytes)
Sep  5 21:56:55 cu-cs-vm kernel: [    0.000000] Built 1 zonelists in Node order, mobility grouping on.  Total pages: 515961
Sep  5 21:56:55 cu-cs-vm kernel: [    0.000000] Policy zone: DMA32
Sep  5 21:56:55 cu-cs-vm kernel: [    0.000000] Kernel command line: BOOT_IMAGE=/@/boot/vmlinuz-4.4.16ver1 root=UUID=7edb9fb6-5937-400b-b2d4-95dbf988ef57 ro rootflags=subvol=@ crashkernel=384M-:128M
Sep  5 21:56:55 cu-cs-vm kernel: [    0.000000] PID hash table entries: 4096 (order: 3, 32768 bytes)
Sep  5 21:56:55 cu-cs-vm kernel: [    0.000000] Calgary: detecting Calgary via BIOS EBDA area
Sep  5 21:56:55 cu-cs-vm kernel: [    0.000000] Calgary: Unable to locate Rio Grande table in EBDA - bailing!
Sep  5 21:56:55 cu-cs-vm kernel: [    0.000000] Memory: 1877144K/2096696K available (8209K kernel code, 1269K rwdata, 3792K rodata, 1472K init, 1292K bss, 219552K reserved, 0K cma-reserved)
Sep  5 21:56:55 cu-cs-vm kernel: [    0.000000] SLUB: HWalign=64, Order=0-3, MinObjects=0, CPUs=2, Nodes=1
Sep  5 21:56:55 cu-cs-vm kernel: [    0.000000] Hierarchical RCU implementation.
Sep  5 21:56:55 cu-cs-vm kernel: [    0.000000] 	Build-time adjustment of leaf fanout to 64.
Sep  5 21:56:55 cu-cs-vm kernel: [    0.000000] 	RCU restricting CPUs from NR_CPUS=256 to nr_cpu_ids=2.
Sep  5 21:56:55 cu-cs-vm kernel: [    0.000000] RCU: Adjusting geometry for rcu_fanout_leaf=64, nr_cpu_ids=2
Sep  5 21:56:55 cu-cs-vm kernel: [    0.000000] NR_IRQS:16640 nr_irqs:440 16
Sep  5 21:56:55 cu-cs-vm kernel: [    0.000000] Console: colour VGA+ 80x25
Sep  5 21:56:55 cu-cs-vm kernel: [    0.000000] console [tty0] enabled
Sep  5 21:56:55 cu-cs-vm kernel: [    0.000000] tsc: Detected 2599.998 MHz processor
Sep  5 21:56:55 cu-cs-vm kernel: [    0.081268] Calibrating delay loop (skipped) preset value.. 5199.99 BogoMIPS (lpj=10399992)
Sep  5 21:56:55 cu-cs-vm kernel: [    0.082769] pid_max: default: 32768 minimum: 301
Sep  5 21:56:55 cu-cs-vm kernel: [    0.083541] ACPI: Core revision 20150930
Sep  5 21:56:55 cu-cs-vm kernel: [    0.084866] ACPI: 2 ACPI AML tables successfully acquired and loaded
Sep  5 21:56:55 cu-cs-vm kernel: [    0.085369] Security Framework initialized
Sep  5 21:56:55 cu-cs-vm kernel: [    0.085699] Yama: becoming mindful.
Sep  5 21:56:55 cu-cs-vm kernel: [    0.086029] AppArmor: AppArmor initialized
Sep  5 21:56:55 cu-cs-vm kernel: [    0.087751] Dentry cache hash table entries: 262144 (order: 9, 2097152 bytes)
Sep  5 21:56:55 cu-cs-vm kernel: [    0.088701] Inode-cache hash table entries: 131072 (order: 8, 1048576 bytes)
Sep  5 21:56:55 cu-cs-vm kernel: [    0.089620] Mount-cache hash table entries: 4096 (order: 3, 32768 bytes)
Sep  5 21:56:55 cu-cs-vm kernel: [    0.090749] Mountpoint-cache hash table entries: 4096 (order: 3, 32768 bytes)
Sep  5 21:56:55 cu-cs-vm kernel: [    0.093988] Initializing cgroup subsys io
Sep  5 21:56:55 cu-cs-vm kernel: [    0.094478] Initializing cgroup subsys memory
Sep  5 21:56:55 cu-cs-vm kernel: [    0.095076] Initializing cgroup subsys devices
Sep  5 21:56:55 cu-cs-vm kernel: [    0.095764] Initializing cgroup subsys freezer
Sep  5 21:56:55 cu-cs-vm kernel: [    0.096187] Initializing cgroup subsys net_cls
Sep  5 21:56:55 cu-cs-vm kernel: [    0.096536] Initializing cgroup subsys perf_event
Sep  5 21:56:55 cu-cs-vm kernel: [    0.096929] Initializing cgroup subsys net_prio
Sep  5 21:56:55 cu-cs-vm kernel: [    0.097283] Initializing cgroup subsys hugetlb
Sep  5 21:56:55 cu-cs-vm kernel: [    0.097625] Initializing cgroup subsys pids
Sep  5 21:56:55 cu-cs-vm kernel: [    0.098038] CPU: Physical Processor ID: 0
Sep  5 21:56:55 cu-cs-vm kernel: [    0.098367] CPU: Processor Core ID: 0
Sep  5 21:56:55 cu-cs-vm kernel: [    0.099536] mce: CPU supports 0 MCE banks
Sep  5 21:56:55 cu-cs-vm kernel: [    0.100238] Last level iTLB entries: 4KB 1024, 2MB 1024, 4MB 1024
Sep  5 21:56:55 cu-cs-vm kernel: [    0.100657] Last level dTLB entries: 4KB 1024, 2MB 1024, 4MB 1024, 1GB 4
Sep  5 21:56:55 cu-cs-vm kernel: [    0.102957] Freeing SMP alternatives memory: 28K (ffffffff820af000 - ffffffff820b6000)
Sep  5 21:56:55 cu-cs-vm kernel: [    0.113968] ftrace: allocating 31244 entries in 123 pages
Sep  5 21:56:55 cu-cs-vm kernel: [    0.160768] smpboot: Max logical packages: 1
Sep  5 21:56:55 cu-cs-vm kernel: [    0.161114] smpboot: APIC(0) Converting physical 0 to logical package 0
Sep  5 21:56:55 cu-cs-vm kernel: [    0.162610] ..TIMER: vector=0x30 apic1=0 pin1=2 apic2=-1 pin2=-1
Sep  5 21:56:55 cu-cs-vm kernel: [    0.268091] smpboot: CPU0: Intel(R) Core(TM) i5-4278U CPU @ 2.60GHz (family: 0x6, model: 0x45, stepping: 0x1)
Sep  5 21:56:55 cu-cs-vm kernel: [    0.268895] Performance Events: unsupported p6 CPU model 69 no PMU driver, software events only.
Sep  5 21:56:55 cu-cs-vm kernel: [    0.269636] KVM setup paravirtual spinlock
Sep  5 21:56:55 cu-cs-vm kernel: [    0.270552] x86: Booting SMP configuration:
Sep  5 21:56:55 cu-cs-vm kernel: [    0.270884] .... node  #0, CPUs:      #1
Sep  5 21:56:55 cu-cs-vm kernel: [    0.271309] kvm-clock: cpu 1, msr 0:7ffe7041, secondary cpu clock
Sep  5 21:56:55 cu-cs-vm kernel: [    0.272294] mce: CPU supports 0 MCE banks
Sep  5 21:56:55 cu-cs-vm kernel: [    0.274357] x86: Booted up 1 node, 2 CPUs
Sep  5 21:56:55 cu-cs-vm kernel: [    0.275704] smpboot: Total of 2 processors activated (10399.99 BogoMIPS)
Sep  5 21:56:55 cu-cs-vm kernel: [    0.276543] devtmpfs: initialized
Sep  5 21:56:55 cu-cs-vm kernel: [    0.278163] evm: security.selinux
Sep  5 21:56:55 cu-cs-vm kernel: [    0.278469] evm: security.SMACK64
Sep  5 21:56:55 cu-cs-vm kernel: [    0.278785] evm: security.SMACK64EXEC
Sep  5 21:56:55 cu-cs-vm kernel: [    0.279099] evm: security.SMACK64TRANSMUTE
Sep  5 21:56:55 cu-cs-vm kernel: [    0.279424] evm: security.SMACK64MMAP
Sep  5 21:56:55 cu-cs-vm kernel: [    0.279737] evm: security.ima
Sep  5 21:56:55 cu-cs-vm kernel: [    0.280055] evm: security.capability
Sep  5 21:56:55 cu-cs-vm kernel: [    0.280589] clocksource: jiffies: mask: 0xffffffff max_cycles: 0xffffffff, max_idle_ns: 7645041785100000 ns
Sep  5 21:56:55 cu-cs-vm kernel: [    0.281440] pinctrl core: initialized pinctrl subsystem
Sep  5 21:56:55 cu-cs-vm kernel: [    0.281928] RTC time:  3:56:50, date: 09/06/16
Sep  5 21:56:55 cu-cs-vm kernel: [    0.282335] NET: Registered protocol family 16
Sep  5 21:56:55 cu-cs-vm kernel: [    0.292828] cpuidle: using governor ladder
Sep  5 21:56:55 cu-cs-vm kernel: [    0.305075] cpuidle: using governor menu
Sep  5 21:56:55 cu-cs-vm kernel: [    0.306004] PCCT header not found.
Sep  5 21:56:55 cu-cs-vm kernel: [    0.306692] ACPI: bus type PCI registered
Sep  5 21:56:55 cu-cs-vm kernel: [    0.307264] acpiphp: ACPI Hot Plug PCI Controller Driver version: 0.5
Sep  5 21:56:55 cu-cs-vm kernel: [    0.308088] PCI: Using configuration type 1 for base access
Sep  5 21:56:55 cu-cs-vm kernel: [    0.322381] ACPI: Added _OSI(Module Device)
Sep  5 21:56:55 cu-cs-vm kernel: [    0.322736] ACPI: Added _OSI(Processor Device)
Sep  5 21:56:55 cu-cs-vm kernel: [    0.323101] ACPI: Added _OSI(3.0 _SCP Extensions)
Sep  5 21:56:55 cu-cs-vm kernel: [    0.323442] ACPI: Added _OSI(Processor Aggregator Device)
Sep  5 21:56:55 cu-cs-vm kernel: [    0.324444] ACPI: Executed 1 blocks of module-level executable AML code
Sep  5 21:56:55 cu-cs-vm kernel: [    0.328295] ACPI: Interpreter enabled
Sep  5 21:56:55 cu-cs-vm kernel: [    0.328957] ACPI Exception: AE_NOT_FOUND, While evaluating Sleep State [\_S1_] (20150930/hwxface-580)
Sep  5 21:56:55 cu-cs-vm kernel: [    0.330637] ACPI Exception: AE_NOT_FOUND, While evaluating Sleep State [\_S2_] (20150930/hwxface-580)
Sep  5 21:56:55 cu-cs-vm kernel: [    0.331807] ACPI Exception: AE_NOT_FOUND, While evaluating Sleep State [\_S3_] (20150930/hwxface-580)
Sep  5 21:56:55 cu-cs-vm kernel: [    0.333408] ACPI Exception: AE_NOT_FOUND, While evaluating Sleep State [\_S4_] (20150930/hwxface-580)
Sep  5 21:56:55 cu-cs-vm kernel: [    0.334161] ACPI: (supports S0 S5)
Sep  5 21:56:55 cu-cs-vm kernel: [    0.334474] ACPI: Using IOAPIC for interrupt routing
Sep  5 21:56:55 cu-cs-vm kernel: [    0.335020] PCI: Using host bridge windows from ACPI; if necessary, use "pci=nocrs" and report a bug
Sep  5 21:56:55 cu-cs-vm kernel: [    0.341592] ACPI: PCI Root Bridge [PCI0] (domain 0000 [bus 00-ff])
Sep  5 21:56:55 cu-cs-vm kernel: [    0.342090] acpi PNP0A03:00: _OSC: OS supports [ASPM ClockPM Segments MSI]
Sep  5 21:56:55 cu-cs-vm kernel: [    0.343207] acpi PNP0A03:00: _OSC failed (AE_NOT_FOUND); disabling ASPM
Sep  5 21:56:55 cu-cs-vm kernel: [    0.343622] acpi PNP0A03:00: fail to add MMCONFIG information, can't access extended PCI configuration space under this bridge.
Sep  5 21:56:55 cu-cs-vm kernel: [    0.344643] PCI host bridge to bus 0000:00
Sep  5 21:56:55 cu-cs-vm kernel: [    0.344974] pci_bus 0000:00: root bus resource [io  0x0000-0x0cf7 window]
Sep  5 21:56:55 cu-cs-vm kernel: [    0.345372] pci_bus 0000:00: root bus resource [io  0x0d00-0xffff window]
Sep  5 21:56:55 cu-cs-vm kernel: [    0.345879] pci_bus 0000:00: root bus resource [mem 0x000a0000-0x000bffff window]
Sep  5 21:56:55 cu-cs-vm kernel: [    0.347339] pci_bus 0000:00: root bus resource [mem 0x80000000-0xffdfffff window]
Sep  5 21:56:55 cu-cs-vm kernel: [    0.349379] pci_bus 0000:00: root bus resource [bus 00-ff]
Sep  5 21:56:55 cu-cs-vm kernel: [    0.360648] pci 0000:00:00.0: [8086:1237] type 00 class 0x060000
Sep  5 21:56:55 cu-cs-vm kernel: [    0.361675] pci 0000:00:01.0: [8086:7000] type 00 class 0x060100
Sep  5 21:56:55 cu-cs-vm kernel: [    0.362431] pci 0000:00:02.0: [80ee:beef] type 00 class 0x030000
Sep  5 21:56:55 cu-cs-vm kernel: [    0.364698] pci 0000:00:02.0: reg 0x10: [mem 0xe0000000-0xe3ffffff pref]
Sep  5 21:56:55 cu-cs-vm kernel: [    0.378858] pci 0000:00:03.0: [8086:100e] type 00 class 0x020000
Sep  5 21:56:55 cu-cs-vm kernel: [    0.384806] pci 0000:00:03.0: reg 0x10: [mem 0xf0000000-0xf001ffff]
Sep  5 21:56:55 cu-cs-vm kernel: [    0.389411] pci 0000:00:03.0: reg 0x18: [io  0xd000-0xd007]
Sep  5 21:56:55 cu-cs-vm kernel: [    0.394820] pci 0000:00:04.0: [80ee:cafe] type 00 class 0x088000
Sep  5 21:56:55 cu-cs-vm kernel: [    0.397578] pci 0000:00:04.0: reg 0x10: [io  0xd020-0xd03f]
Sep  5 21:56:55 cu-cs-vm kernel: [    0.400424] pci 0000:00:04.0: reg 0x14: [mem 0xf0400000-0xf07fffff]
Sep  5 21:56:55 cu-cs-vm kernel: [    0.401680] pci 0000:00:04.0: reg 0x18: [mem 0xf0800000-0xf0803fff pref]
Sep  5 21:56:55 cu-cs-vm kernel: [    0.406719] pci 0000:00:05.0: [8086:2415] type 00 class 0x040100
Sep  5 21:56:55 cu-cs-vm kernel: [    0.406843] pci 0000:00:05.0: reg 0x10: [io  0xd100-0xd1ff]
Sep  5 21:56:55 cu-cs-vm kernel: [    0.406916] pci 0000:00:05.0: reg 0x14: [io  0xd200-0xd23f]
Sep  5 21:56:55 cu-cs-vm kernel: [    0.407485] pci 0000:00:06.0: [106b:003f] type 00 class 0x0c0310
Sep  5 21:56:55 cu-cs-vm kernel: [    0.408880] pci 0000:00:06.0: reg 0x10: [mem 0xf0804000-0xf0804fff]
Sep  5 21:56:55 cu-cs-vm kernel: [    0.416554] pci 0000:00:07.0: [8086:7113] type 00 class 0x068000
Sep  5 21:56:55 cu-cs-vm kernel: [    0.417251] pci 0000:00:0d.0: [8086:2829] type 00 class 0x010601
Sep  5 21:56:55 cu-cs-vm kernel: [    0.418589] pci 0000:00:0d.0: reg 0x10: [io  0xd240-0xd247]
Sep  5 21:56:55 cu-cs-vm kernel: [    0.421008] pci 0000:00:0d.0: reg 0x18: [io  0xd250-0xd257]
Sep  5 21:56:55 cu-cs-vm kernel: [    0.423315] pci 0000:00:0d.0: reg 0x20: [io  0xd260-0xd26f]
Sep  5 21:56:55 cu-cs-vm kernel: [    0.424513] pci 0000:00:0d.0: reg 0x24: [mem 0xf0806000-0xf0807fff]
Sep  5 21:56:55 cu-cs-vm kernel: [    0.427279] ACPI: PCI Interrupt Link [LNKA] (IRQs 5 9 10 *11)
Sep  5 21:56:55 cu-cs-vm kernel: [    0.428279] ACPI: PCI Interrupt Link [LNKB] (IRQs 5 9 10 *11)
Sep  5 21:56:55 cu-cs-vm kernel: [    0.429396] ACPI: PCI Interrupt Link [LNKC] (IRQs 5 9 *10 11)
Sep  5 21:56:55 cu-cs-vm kernel: [    0.430225] ACPI: PCI Interrupt Link [LNKD] (IRQs 5 *9 10 11)
Sep  5 21:56:55 cu-cs-vm kernel: [    0.431087] ACPI: Enabled 2 GPEs in block 00 to 07
Sep  5 21:56:55 cu-cs-vm kernel: [    0.431910] vgaarb: setting as boot device: PCI:0000:00:02.0
Sep  5 21:56:55 cu-cs-vm kernel: [    0.432289] vgaarb: device added: PCI:0000:00:02.0,decodes=io+mem,owns=io+mem,locks=none
Sep  5 21:56:55 cu-cs-vm kernel: [    0.432923] vgaarb: loaded
Sep  5 21:56:55 cu-cs-vm kernel: [    0.433221] vgaarb: bridge control possible 0000:00:02.0
Sep  5 21:56:55 cu-cs-vm kernel: [    0.433835] SCSI subsystem initialized
Sep  5 21:56:55 cu-cs-vm kernel: [    0.434271] libata version 3.00 loaded.
Sep  5 21:56:55 cu-cs-vm kernel: [    0.434304] ACPI: bus type USB registered
Sep  5 21:56:55 cu-cs-vm kernel: [    0.434649] usbcore: registered new interface driver usbfs
Sep  5 21:56:55 cu-cs-vm kernel: [    0.435019] usbcore: registered new interface driver hub
Sep  5 21:56:55 cu-cs-vm kernel: [    0.435482] usbcore: registered new device driver usb
Sep  5 21:56:55 cu-cs-vm kernel: [    0.436954] PCI: Using ACPI for IRQ routing
Sep  5 21:56:55 cu-cs-vm kernel: [    0.437525] PCI: pci_cache_line_size set to 64 bytes
Sep  5 21:56:55 cu-cs-vm kernel: [    0.437792] e820: reserve RAM buffer [mem 0x0009fc00-0x0009ffff]
Sep  5 21:56:55 cu-cs-vm kernel: [    0.437807] e820: reserve RAM buffer [mem 0x7fff0000-0x7fffffff]
Sep  5 21:56:55 cu-cs-vm kernel: [    0.438029] NetLabel: Initializing
Sep  5 21:56:55 cu-cs-vm kernel: [    0.438543] NetLabel:  domain hash size = 128
Sep  5 21:56:55 cu-cs-vm kernel: [    0.438904] NetLabel:  protocols = UNLABELED CIPSOv4
Sep  5 21:56:55 cu-cs-vm kernel: [    0.439322] NetLabel:  unlabeled traffic allowed by default
Sep  5 21:56:55 cu-cs-vm kernel: [    0.440099] amd_nb: Cannot enumerate AMD northbridges
Sep  5 21:56:55 cu-cs-vm kernel: [    0.440616] clocksource: Switched to clocksource kvm-clock
Sep  5 21:56:55 cu-cs-vm kernel: [    0.452933] AppArmor: AppArmor Filesystem Enabled
Sep  5 21:56:55 cu-cs-vm kernel: [    0.453351] pnp: PnP ACPI init
Sep  5 21:56:55 cu-cs-vm kernel: [    0.453714] pnp 00:00: Plug and Play ACPI device, IDs PNP0303 (active)
Sep  5 21:56:55 cu-cs-vm kernel: [    0.453784] pnp 00:01: Plug and Play ACPI device, IDs PNP0f03 (active)
Sep  5 21:56:55 cu-cs-vm kernel: [    0.454479] pnp: PnP ACPI: found 2 devices
Sep  5 21:56:55 cu-cs-vm kernel: [    0.470835] clocksource: acpi_pm: mask: 0xffffff max_cycles: 0xffffff, max_idle_ns: 2085701024 ns
Sep  5 21:56:55 cu-cs-vm kernel: [    0.471481] pci_bus 0000:00: resource 4 [io  0x0000-0x0cf7 window]
Sep  5 21:56:55 cu-cs-vm kernel: [    0.471483] pci_bus 0000:00: resource 5 [io  0x0d00-0xffff window]
Sep  5 21:56:55 cu-cs-vm kernel: [    0.471485] pci_bus 0000:00: resource 6 [mem 0x000a0000-0x000bffff window]
Sep  5 21:56:55 cu-cs-vm kernel: [    0.471486] pci_bus 0000:00: resource 7 [mem 0x80000000-0xffdfffff window]
Sep  5 21:56:55 cu-cs-vm kernel: [    0.471513] NET: Registered protocol family 2
Sep  5 21:56:55 cu-cs-vm kernel: [    0.471983] TCP established hash table entries: 16384 (order: 5, 131072 bytes)
Sep  5 21:56:55 cu-cs-vm kernel: [    0.472936] TCP bind hash table entries: 16384 (order: 6, 262144 bytes)
Sep  5 21:56:55 cu-cs-vm kernel: [    0.473447] TCP: Hash tables configured (established 16384 bind 16384)
Sep  5 21:56:55 cu-cs-vm kernel: [    0.473896] UDP hash table entries: 1024 (order: 3, 32768 bytes)
Sep  5 21:56:55 cu-cs-vm kernel: [    0.474293] UDP-Lite hash table entries: 1024 (order: 3, 32768 bytes)
Sep  5 21:56:55 cu-cs-vm kernel: [    0.474749] NET: Registered protocol family 1
Sep  5 21:56:55 cu-cs-vm kernel: [    0.475102] pci 0000:00:00.0: Limiting direct PCI/PCI transfers
Sep  5 21:56:55 cu-cs-vm kernel: [    0.475537] pci 0000:00:01.0: Activating ISA DMA hang workarounds
Sep  5 21:56:55 cu-cs-vm kernel: [    0.475937] pci 0000:00:02.0: Video device with shadowed ROM
Sep  5 21:56:55 cu-cs-vm kernel: [    0.476971] PCI: CLS 0 bytes, default 64
Sep  5 21:56:55 cu-cs-vm kernel: [    0.477033] Trying to unpack rootfs image as initramfs...
Sep  5 21:56:55 cu-cs-vm kernel: [    1.038027] Freeing initrd memory: 36636K (ffff880033862000 - ffff880035c29000)
Sep  5 21:56:55 cu-cs-vm kernel: [    1.038712] RAPL PMU detected, API unit is 2^-32 Joules, 4 fixed counters 10737418240 ms ovfl timer
Sep  5 21:56:55 cu-cs-vm kernel: [    1.039349] hw unit of domain pp0-core 2^-0 Joules
Sep  5 21:56:55 cu-cs-vm kernel: [    1.039692] hw unit of domain package 2^-0 Joules
Sep  5 21:56:55 cu-cs-vm kernel: [    1.040033] hw unit of domain dram 2^-0 Joules
Sep  5 21:56:55 cu-cs-vm kernel: [    1.040368] hw unit of domain pp1-gpu 2^-0 Joules
Sep  5 21:56:55 cu-cs-vm kernel: [    1.040805] platform rtc_cmos: registered platform RTC device (no PNP device found)
Sep  5 21:56:55 cu-cs-vm kernel: [    1.041439] Scanning for low memory corruption every 60 seconds
Sep  5 21:56:55 cu-cs-vm kernel: [    1.042438] futex hash table entries: 512 (order: 3, 32768 bytes)
Sep  5 21:56:55 cu-cs-vm kernel: [    1.042838] audit: initializing netlink subsys (disabled)
Sep  5 21:56:55 cu-cs-vm kernel: [    1.043210] audit: type=2000 audit(1473134222.153:1): initialized
Sep  5 21:56:55 cu-cs-vm kernel: [    1.043841] Initialise system trusted keyring
Sep  5 21:56:55 cu-cs-vm kernel: [    1.044441] HugeTLB registered 2 MB page size, pre-allocated 0 pages
Sep  5 21:56:55 cu-cs-vm kernel: [    1.046009] zbud: loaded
Sep  5 21:56:55 cu-cs-vm kernel: [    1.046568] VFS: Disk quotas dquot_6.6.0
Sep  5 21:56:55 cu-cs-vm kernel: [    1.046939] VFS: Dquot-cache hash table entries: 512 (order 0, 4096 bytes)
Sep  5 21:56:55 cu-cs-vm kernel: [    1.047650] squashfs: version 4.0 (2009/01/31) Phillip Lougher
Sep  5 21:56:55 cu-cs-vm kernel: [    1.048421] fuse init (API version 7.23)
Sep  5 21:56:55 cu-cs-vm kernel: [    1.049003] Key type big_key registered
Sep  5 21:56:55 cu-cs-vm kernel: [    1.049346] Allocating IMA MOK and blacklist keyrings.
Sep  5 21:56:55 cu-cs-vm kernel: [    1.051998] Key type asymmetric registered
Sep  5 21:56:55 cu-cs-vm kernel: [    1.052398] Asymmetric key parser 'x509' registered
Sep  5 21:56:55 cu-cs-vm kernel: [    1.052885] Block layer SCSI generic (bsg) driver version 0.4 loaded (major 249)
Sep  5 21:56:55 cu-cs-vm kernel: [    1.053589] io scheduler noop registered
Sep  5 21:56:55 cu-cs-vm kernel: [    1.053915] io scheduler deadline registered (default)
Sep  5 21:56:55 cu-cs-vm kernel: [    1.054372] io scheduler cfq registered
Sep  5 21:56:55 cu-cs-vm kernel: [    1.054842] pci_hotplug: PCI Hot Plug PCI Core version: 0.5
Sep  5 21:56:55 cu-cs-vm kernel: [    1.055243] pciehp: PCI Express Hot Plug Controller Driver version: 0.4
Sep  5 21:56:55 cu-cs-vm kernel: [    1.055667] intel_idle: does not run on family 6 model 69
Sep  5 21:56:55 cu-cs-vm kernel: [    1.055969] ACPI: AC Adapter [AC] (on-line)
Sep  5 21:56:55 cu-cs-vm kernel: [    1.056358] input: Power Button as /devices/LNXSYSTM:00/LNXPWRBN:00/input/input0
Sep  5 21:56:55 cu-cs-vm kernel: [    1.056951] ACPI: Power Button [PWRF]
Sep  5 21:56:55 cu-cs-vm kernel: [    1.057961] input: Sleep Button as /devices/LNXSYSTM:00/LNXSLPBN:00/input/input1
Sep  5 21:56:55 cu-cs-vm kernel: [    1.058689] ACPI: Sleep Button [SLPF]
Sep  5 21:56:55 cu-cs-vm kernel: [    1.059536] GHES: HEST is not enabled!
Sep  5 21:56:55 cu-cs-vm kernel: [    1.060787] ACPI: Battery Slot [BAT0] (battery present)
Sep  5 21:56:55 cu-cs-vm kernel: [    1.061275] Serial: 8250/16550 driver, 32 ports, IRQ sharing enabled
Sep  5 21:56:55 cu-cs-vm kernel: [    1.068423] Linux agpgart interface v0.103
Sep  5 21:56:55 cu-cs-vm kernel: [    1.078330] brd: module loaded
Sep  5 21:56:55 cu-cs-vm kernel: [    1.080977] loop: module loaded
Sep  5 21:56:55 cu-cs-vm kernel: [    1.081528] libphy: Fixed MDIO Bus: probed
Sep  5 21:56:55 cu-cs-vm kernel: [    1.081867] tun: Universal TUN/TAP device driver, 1.6
Sep  5 21:56:55 cu-cs-vm kernel: [    1.082221] tun: (C) 1999-2004 Max Krasnyansky <maxk@qualcomm.com>
Sep  5 21:56:55 cu-cs-vm kernel: [    1.082717] PPP generic driver version 2.4.2
Sep  5 21:56:55 cu-cs-vm kernel: [    1.083178] ehci_hcd: USB 2.0 'Enhanced' Host Controller (EHCI) Driver
Sep  5 21:56:55 cu-cs-vm kernel: [    1.083573] ehci-pci: EHCI PCI platform driver
Sep  5 21:56:55 cu-cs-vm kernel: [    1.083918] ehci-platform: EHCI generic platform driver
Sep  5 21:56:55 cu-cs-vm kernel: [    1.085593] ohci_hcd: USB 1.1 'Open' Host Controller (OHCI) Driver
Sep  5 21:56:55 cu-cs-vm kernel: [    1.086395] ohci-pci: OHCI PCI platform driver
Sep  5 21:56:55 cu-cs-vm kernel: [    1.087660] ohci-pci 0000:00:06.0: OHCI PCI host controller
Sep  5 21:56:55 cu-cs-vm kernel: [    1.088122] ohci-pci 0000:00:06.0: new USB bus registered, assigned bus number 1
Sep  5 21:56:55 cu-cs-vm kernel: [    1.089126] ohci-pci 0000:00:06.0: irq 22, io mem 0xf0804000
Sep  5 21:56:55 cu-cs-vm kernel: [    1.146321] usb usb1: New USB device found, idVendor=1d6b, idProduct=0001
Sep  5 21:56:55 cu-cs-vm kernel: [    1.146903] usb usb1: New USB device strings: Mfr=3, Product=2, SerialNumber=1
Sep  5 21:56:55 cu-cs-vm kernel: [    1.147937] usb usb1: Product: OHCI PCI host controller
Sep  5 21:56:55 cu-cs-vm kernel: [    1.148502] usb usb1: Manufacturer: Linux 4.4.16ver1 ohci_hcd
Sep  5 21:56:55 cu-cs-vm kernel: [    1.149673] usb usb1: SerialNumber: 0000:00:06.0
Sep  5 21:56:55 cu-cs-vm kernel: [    1.151412] hub 1-0:1.0: USB hub found
Sep  5 21:56:55 cu-cs-vm kernel: [    1.152014] hub 1-0:1.0: 12 ports detected
Sep  5 21:56:55 cu-cs-vm kernel: [    1.152831] ohci-platform: OHCI generic platform driver
Sep  5 21:56:55 cu-cs-vm kernel: [    1.153206] uhci_hcd: USB Universal Host Controller Interface driver
Sep  5 21:56:55 cu-cs-vm kernel: [    1.153666] i8042: PNP: PS/2 Controller [PNP0303:PS2K,PNP0f03:PS2M] at 0x60,0x64 irq 1,12
Sep  5 21:56:55 cu-cs-vm kernel: [    1.154807] serio: i8042 KBD port at 0x60,0x64 irq 1
Sep  5 21:56:55 cu-cs-vm kernel: [    1.155165] serio: i8042 AUX port at 0x60,0x64 irq 12
Sep  5 21:56:55 cu-cs-vm kernel: [    1.155808] mousedev: PS/2 mouse device common for all mice
Sep  5 21:56:55 cu-cs-vm kernel: [    1.159101] input: AT Translated Set 2 keyboard as /devices/platform/i8042/serio0/input/input2
Sep  5 21:56:55 cu-cs-vm kernel: [    1.159926] rtc_cmos rtc_cmos: rtc core: registered rtc_cmos as rtc0
Sep  5 21:56:55 cu-cs-vm kernel: [    1.160537] rtc_cmos rtc_cmos: alarms up to one day, 114 bytes nvram
Sep  5 21:56:55 cu-cs-vm kernel: [    1.161266] i2c /dev entries driver
Sep  5 21:56:55 cu-cs-vm kernel: [    1.162529] device-mapper: uevent: version 1.0.3
Sep  5 21:56:55 cu-cs-vm kernel: [    1.163120] device-mapper: ioctl: 4.34.0-ioctl (2015-10-28) initialised: dm-devel@redhat.com
Sep  5 21:56:55 cu-cs-vm kernel: [    1.163757] ledtrig-cpu: registered to indicate activity on CPUs
Sep  5 21:56:55 cu-cs-vm kernel: [    1.164832] NET: Registered protocol family 10
Sep  5 21:56:55 cu-cs-vm kernel: [    1.165410] NET: Registered protocol family 17
Sep  5 21:56:55 cu-cs-vm kernel: [    1.165759] Key type dns_resolver registered
Sep  5 21:56:55 cu-cs-vm kernel: [    1.166325] microcode: CPU0 sig=0x40651, pf=0x40, revision=0x0
Sep  5 21:56:55 cu-cs-vm kernel: [    1.166757] microcode: CPU1 sig=0x40651, pf=0x40, revision=0x0
Sep  5 21:56:55 cu-cs-vm kernel: [    1.167230] microcode: Microcode Update Driver: v2.01 <tigran@aivazian.fsnet.co.uk>, Peter Oruba
Sep  5 21:56:55 cu-cs-vm kernel: [    1.168800] registered taskstats version 1
Sep  5 21:56:55 cu-cs-vm kernel: [    1.169151] Loading compiled-in X.509 certificates
Sep  5 21:56:55 cu-cs-vm kernel: [    1.170321] Loaded X.509 cert 'Build time autogenerated kernel key: 02d2fc91b602a4c50d1952bf2ecc3ab51daa56c8'
Sep  5 21:56:55 cu-cs-vm kernel: [    1.171070] zswap: loaded using pool lzo/zbud
Sep  5 21:56:55 cu-cs-vm kernel: [    1.173611] Key type trusted registered
Sep  5 21:56:55 cu-cs-vm kernel: [    1.184075] Key type encrypted registered
Sep  5 21:56:55 cu-cs-vm kernel: [    1.184450] AppArmor: AppArmor sha1 policy hashing enabled
Sep  5 21:56:55 cu-cs-vm kernel: [    1.184961] ima: No TPM chip found, activating TPM-bypass!
Sep  5 21:56:55 cu-cs-vm kernel: [    1.185364] evm: HMAC attrs: 0x1
Sep  5 21:56:55 cu-cs-vm kernel: [    1.186148]   Magic number: 0:674:916
Sep  5 21:56:55 cu-cs-vm kernel: [    1.186483] tty ptmx: hash matches
Sep  5 21:56:55 cu-cs-vm kernel: [    1.186903] rtc_cmos rtc_cmos: setting system clock to 2016-09-06 03:56:51 UTC (1473134211)
Sep  5 21:56:55 cu-cs-vm kernel: [    1.187699] BIOS EDD facility v0.16 2004-Jun-25, 0 devices found
Sep  5 21:56:55 cu-cs-vm kernel: [    1.188078] EDD information not available.
Sep  5 21:56:55 cu-cs-vm kernel: [    1.188443] PM: Hibernation image not present or could not be loaded.
Sep  5 21:56:55 cu-cs-vm kernel: [    1.190507] Freeing unused kernel memory: 1472K (ffffffff81f3f000 - ffffffff820af000)
Sep  5 21:56:55 cu-cs-vm kernel: [    1.192273] Write protecting the kernel read-only data: 14336k
Sep  5 21:56:55 cu-cs-vm kernel: [    1.201222] Freeing unused kernel memory: 2020K (ffff880001807000 - ffff880001a00000)
Sep  5 21:56:55 cu-cs-vm kernel: [    1.202717] Freeing unused kernel memory: 304K (ffff880001db4000 - ffff880001e00000)
Sep  5 21:56:55 cu-cs-vm kernel: [    1.225354] random: systemd-udevd urandom read with 2 bits of entropy available
Sep  5 21:56:55 cu-cs-vm kernel: [    1.268288] ahci 0000:00:0d.0: version 3.0
Sep  5 21:56:55 cu-cs-vm kernel: [    1.268832] ahci 0000:00:0d.0: SSS flag set, parallel bus scan disabled
Sep  5 21:56:55 cu-cs-vm kernel: [    1.269456] ahci 0000:00:0d.0: AHCI 0001.0100 32 slots 2 ports 3 Gbps 0x3 impl SATA mode
Sep  5 21:56:55 cu-cs-vm kernel: [    1.270070] ahci 0000:00:0d.0: flags: 64bit ncq stag only ccc 
Sep  5 21:56:55 cu-cs-vm kernel: [    1.276369] scsi host0: ahci
Sep  5 21:56:55 cu-cs-vm kernel: [    1.282384] scsi host1: ahci
Sep  5 21:56:55 cu-cs-vm kernel: [    1.282757] ata1: SATA max UDMA/133 abar m8192@0xf0806000 port 0xf0806100 irq 21
Sep  5 21:56:55 cu-cs-vm kernel: [    1.283368] ata2: SATA max UDMA/133 abar m8192@0xf0806000 port 0xf0806180 irq 21
Sep  5 21:56:55 cu-cs-vm kernel: [    1.286811] e1000: Intel(R) PRO/1000 Network Driver - version 7.3.21-k8-NAPI
Sep  5 21:56:55 cu-cs-vm kernel: [    1.287232] e1000: Copyright (c) 1999-2006 Intel Corporation.
Sep  5 21:56:55 cu-cs-vm kernel: [    1.317084] FUJITSU Extended Socket Network Device Driver - version 1.0 - Copyright (c) 2015 FUJITSU LIMITED
Sep  5 21:56:55 cu-cs-vm kernel: [    1.515449] input: ImExPS/2 Generic Explorer Mouse as /devices/platform/i8042/serio1/input/input4
Sep  5 21:56:55 cu-cs-vm kernel: [    1.563882] usb 1-1: new full-speed USB device number 2 using ohci-pci
Sep  5 21:56:55 cu-cs-vm kernel: [    1.608740] ata1: SATA link up 3.0 Gbps (SStatus 123 SControl 300)
Sep  5 21:56:55 cu-cs-vm kernel: [    1.609357] ata1.00: ATA-8: VBOX HARDDISK, 1.0, max UDMA/133
Sep  5 21:56:55 cu-cs-vm kernel: [    1.609778] ata1.00: 134217728 sectors, multi 128: LBA48 NCQ (depth 31/32)
Sep  5 21:56:55 cu-cs-vm kernel: [    1.610403] ata1.00: configured for UDMA/133
Sep  5 21:56:55 cu-cs-vm kernel: [    1.612820] scsi 0:0:0:0: Direct-Access     ATA      VBOX HARDDISK    1.0  PQ: 0 ANSI: 5
Sep  5 21:56:55 cu-cs-vm kernel: [    1.613904] sd 0:0:0:0: [sda] 134217728 512-byte logical blocks: (68.7 GB/64.0 GiB)
Sep  5 21:56:55 cu-cs-vm kernel: [    1.614657] sd 0:0:0:0: [sda] Write Protect is off
Sep  5 21:56:55 cu-cs-vm kernel: [    1.626276] sd 0:0:0:0: [sda] Mode Sense: 00 3a 00 00
Sep  5 21:56:55 cu-cs-vm kernel: [    1.626293] sd 0:0:0:0: Attached scsi generic sg0 type 0
Sep  5 21:56:55 cu-cs-vm kernel: [    1.626864] sd 0:0:0:0: [sda] Write cache: enabled, read cache: enabled, doesn't support DPO or FUA
Sep  5 21:56:55 cu-cs-vm kernel: [    1.629748]  sda: sda1
Sep  5 21:56:55 cu-cs-vm kernel: [    1.630722] sd 0:0:0:0: [sda] Attached SCSI disk
Sep  5 21:56:55 cu-cs-vm kernel: [    1.712223] e1000 0000:00:03.0 eth0: (PCI:33MHz:32-bit) 08:00:27:c6:50:a4
Sep  5 21:56:55 cu-cs-vm kernel: [    1.712735] e1000 0000:00:03.0 eth0: Intel(R) PRO/1000 Network Connection
Sep  5 21:56:55 cu-cs-vm kernel: [    1.715610] e1000 0000:00:03.0 enp0s3: renamed from eth0
Sep  5 21:56:55 cu-cs-vm kernel: [    1.845531] usb 1-1: New USB device found, idVendor=80ee, idProduct=0021
Sep  5 21:56:55 cu-cs-vm kernel: [    1.846009] usb 1-1: New USB device strings: Mfr=1, Product=3, SerialNumber=0
Sep  5 21:56:55 cu-cs-vm kernel: [    1.846595] usb 1-1: Product: USB Tablet
Sep  5 21:56:55 cu-cs-vm kernel: [    1.846981] usb 1-1: Manufacturer: VirtualBox
Sep  5 21:56:55 cu-cs-vm kernel: [    1.859528] hidraw: raw HID events driver (C) Jiri Kosina
Sep  5 21:56:55 cu-cs-vm kernel: [    1.874339] usbcore: registered new interface driver usbhid
Sep  5 21:56:55 cu-cs-vm kernel: [    1.875120] usbhid: USB HID core driver
Sep  5 21:56:55 cu-cs-vm kernel: [    1.884662] input: VirtualBox USB Tablet as /devices/pci0000:00/0000:00:06.0/usb1/1-1/1-1:1.0/0003:80EE:0021.0001/input/input5
Sep  5 21:56:55 cu-cs-vm kernel: [    1.886413] hid-generic 0003:80EE:0021.0001: input,hidraw0: USB HID v1.10 Mouse [VirtualBox USB Tablet] on usb-0000:00:06.0-1/input0
Sep  5 21:56:55 cu-cs-vm kernel: [    1.948979] ata2: SATA link up 3.0 Gbps (SStatus 123 SControl 300)
Sep  5 21:56:55 cu-cs-vm kernel: [    1.949624] ata2.00: ATAPI: VBOX CD-ROM, 1.0, max UDMA/133
Sep  5 21:56:55 cu-cs-vm kernel: [    1.950060] ata2.00: applying bridge limits
Sep  5 21:56:55 cu-cs-vm kernel: [    1.950767] ata2.00: configured for UDMA/100
Sep  5 21:56:55 cu-cs-vm kernel: [    1.951596] scsi 1:0:0:0: CD-ROM            VBOX     CD-ROM           1.0  PQ: 0 ANSI: 5
Sep  5 21:56:55 cu-cs-vm kernel: [    1.961207] sr 1:0:0:0: [sr0] scsi3-mmc drive: 32x/32x xa/form2 tray
Sep  5 21:56:55 cu-cs-vm kernel: [    1.961646] cdrom: Uniform CD-ROM driver Revision: 3.20
Sep  5 21:56:55 cu-cs-vm kernel: [    1.962561] sr 1:0:0:0: Attached scsi CD-ROM sr0
Sep  5 21:56:55 cu-cs-vm kernel: [    1.962815] sr 1:0:0:0: Attached scsi generic sg1 type 5
Sep  5 21:56:55 cu-cs-vm kernel: [    2.036782] tsc: Refined TSC clocksource calibration: 2600.492 MHz
Sep  5 21:56:55 cu-cs-vm kernel: [    2.037389] clocksource: tsc: mask: 0xffffffffffffffff max_cycles: 0x257c0c95b22, max_idle_ns: 440795209042 ns
Sep  5 21:56:55 cu-cs-vm kernel: [    2.144785] raid6: sse2x1   gen()  8316 MB/s
Sep  5 21:56:55 cu-cs-vm kernel: [    2.212811] raid6: sse2x1   xor()  6829 MB/s
Sep  5 21:56:55 cu-cs-vm kernel: [    2.280779] raid6: sse2x2   gen() 10415 MB/s
Sep  5 21:56:55 cu-cs-vm kernel: [    2.348872] raid6: sse2x2   xor()  7655 MB/s
Sep  5 21:56:55 cu-cs-vm kernel: [    2.416799] raid6: sse2x4   gen() 12493 MB/s
Sep  5 21:56:55 cu-cs-vm kernel: [    2.484803] raid6: sse2x4   xor()  8630 MB/s
Sep  5 21:56:55 cu-cs-vm kernel: [    2.485143] raid6: using algorithm sse2x4 gen() 12493 MB/s
Sep  5 21:56:55 cu-cs-vm kernel: [    2.485504] raid6: .... xor() 8630 MB/s, rmw enabled
Sep  5 21:56:55 cu-cs-vm kernel: [    2.485852] raid6: using ssse3x2 recovery algorithm
Sep  5 21:56:55 cu-cs-vm kernel: [    2.488275] xor: automatically using best checksumming function:
Sep  5 21:56:55 cu-cs-vm kernel: [    2.524765]    avx       : 19450.000 MB/sec
Sep  5 21:56:55 cu-cs-vm kernel: [    2.622038] Btrfs loaded
Sep  5 21:56:55 cu-cs-vm kernel: [    2.669796] BTRFS: device fsid 7edb9fb6-5937-400b-b2d4-95dbf988ef57 devid 1 transid 10621 /dev/sda1
Sep  5 21:56:55 cu-cs-vm kernel: [    2.694399] BTRFS info (device sda1): disk space caching is enabled
Sep  5 21:56:55 cu-cs-vm kernel: [    2.694831] BTRFS: has skinny extents
Sep  5 21:56:55 cu-cs-vm kernel: [    2.705552] BTRFS: detected SSD devices, enabling SSD mode
Sep  5 21:56:55 cu-cs-vm kernel: [    2.966317] lp: driver loaded but no devices found
Sep  5 21:56:55 cu-cs-vm kernel: [    2.979271] ppdev: user-space parallel port driver
Sep  5 21:56:55 cu-cs-vm kernel: [    3.199937] BTRFS info (device sda1): enabling auto defrag
Sep  5 21:56:55 cu-cs-vm kernel: [    3.199941] BTRFS info (device sda1): disk space caching is enabled
Sep  5 21:56:55 cu-cs-vm kernel: [    3.475812] piix4_smbus 0000:00:07.0: SMBus base address uninitialized - upgrade BIOS or use force_addr=0xaddr
Sep  5 21:56:55 cu-cs-vm kernel: [    3.481451] vboxguest: module verification failed: signature and/or required key missing - tainting kernel
Sep  5 21:56:55 cu-cs-vm kernel: [    3.490989] vgdrvHeartbeatInit: Setting up heartbeat to trigger every 2000 milliseconds
Sep  5 21:56:55 cu-cs-vm kernel: [    3.491189] input: Unspecified device as /devices/pci0000:00/0000:00:04.0/input/input6
Sep  5 21:56:55 cu-cs-vm kernel: [    3.505765] vboxguest: misc device minor 55, IRQ 20, I/O port d020, MMIO at 00000000f0400000 (size 0x400000)
Sep  5 21:56:55 cu-cs-vm kernel: [    3.505768] vboxguest: Successfully loaded version 5.1.2 (interface 0x00010004)
Sep  5 21:56:55 cu-cs-vm kernel: [    3.536612] [drm] Initialized drm 1.1.0 20060810
Sep  5 21:56:55 cu-cs-vm kernel: [    3.552276] ACPI: Video Device [GFX0] (multi-head: yes  rom: no  post: no)
Sep  5 21:56:55 cu-cs-vm kernel: [    3.552340] input: Video Bus as /devices/LNXSYSTM:00/LNXSYBUS:00/PNP0A03:00/LNXVIDEO:00/input/input7
Sep  5 21:56:55 cu-cs-vm kernel: [    3.667144] [drm] VRAM 04000000
Sep  5 21:56:55 cu-cs-vm kernel: [    3.670961] [TTM] Zone  kernel: Available graphics memory: 958802 kiB
Sep  5 21:56:55 cu-cs-vm kernel: [    3.670964] [TTM] Initializing pool allocator
Sep  5 21:56:55 cu-cs-vm kernel: [    3.670968] [TTM] Initializing DMA pool allocator
Sep  5 21:56:55 cu-cs-vm kernel: [    3.671237] fbcon: vboxdrmfb (fb0) is primary device
Sep  5 21:56:55 cu-cs-vm kernel: [    3.701317] Console: switching to colour frame buffer device 100x37
Sep  5 21:56:55 cu-cs-vm kernel: [    3.736636] vboxvideo 0000:00:02.0: fb0: vboxdrmfb frame buffer device
Sep  5 21:56:55 cu-cs-vm kernel: [    3.754782] [drm] Initialized vboxvideo 1.0.0 20130823 for 0000:00:02.0 on minor 0
Sep  5 21:56:55 cu-cs-vm kernel: [    3.755981] snd_intel8x0 0000:00:05.0: disable (unknown or VT-d) VM optimization
Sep  5 21:56:55 cu-cs-vm kernel: [    3.880710] AVX version of gcm_enc/dec engaged.
Sep  5 21:56:55 cu-cs-vm kernel: [    3.880714] AES CTR mode by8 optimization enabled
Sep  5 21:56:55 cu-cs-vm kernel: [    3.909663] BTRFS error (device sda1): could not find root 8
Sep  5 21:56:55 cu-cs-vm kernel: [    3.909724] BTRFS error (device sda1): could not find root 8
Sep  5 21:56:55 cu-cs-vm kernel: [    4.170495] audit: type=1400 audit(1473134214.480:2): apparmor="STATUS" operation="profile_load" profile="unconfined" name="/usr/lib/lightdm/lightdm-guest-session" pid=1372 comm="apparmor_parser"
Sep  5 21:56:55 cu-cs-vm kernel: [    4.170505] audit: type=1400 audit(1473134214.480:3): apparmor="STATUS" operation="profile_load" profile="unconfined" name="/usr/lib/lightdm/lightdm-guest-session//chromium" pid=1372 comm="apparmor_parser"
Sep  5 21:56:55 cu-cs-vm kernel: [    4.171932] audit: type=1400 audit(1473134214.480:4): apparmor="STATUS" operation="profile_load" profile="unconfined" name="/sbin/dhclient" pid=1373 comm="apparmor_parser"
Sep  5 21:56:55 cu-cs-vm kernel: [    4.171938] audit: type=1400 audit(1473134214.480:5): apparmor="STATUS" operation="profile_load" profile="unconfined" name="/usr/lib/NetworkManager/nm-dhcp-client.action" pid=1373 comm="apparmor_parser"
Sep  5 21:56:55 cu-cs-vm kernel: [    4.171942] audit: type=1400 audit(1473134214.480:6): apparmor="STATUS" operation="profile_load" profile="unconfined" name="/usr/lib/NetworkManager/nm-dhcp-helper" pid=1373 comm="apparmor_parser"
Sep  5 21:56:55 cu-cs-vm kernel: [    4.171944] audit: type=1400 audit(1473134214.480:7): apparmor="STATUS" operation="profile_load" profile="unconfined" name="/usr/lib/connman/scripts/dhclient-script" pid=1373 comm="apparmor_parser"
Sep  5 21:56:55 cu-cs-vm kernel: [    4.202484] audit: type=1400 audit(1473134214.512:8): apparmor="STATUS" operation="profile_load" profile="unconfined" name="/usr/lib/snapd/snap-confine" pid=1383 comm="apparmor_parser"
Sep  5 21:56:55 cu-cs-vm kernel: [    4.208707] audit: type=1400 audit(1473134214.512:9): apparmor="STATUS" operation="profile_load" profile="unconfined" name="/usr/bin/evince" pid=1379 comm="apparmor_parser"
Sep  5 21:56:55 cu-cs-vm kernel: [    4.208722] audit: type=1400 audit(1473134214.512:10): apparmor="STATUS" operation="profile_load" profile="unconfined" name="/usr/bin/evince//sanitized_helper" pid=1379 comm="apparmor_parser"
Sep  5 21:56:55 cu-cs-vm rsyslogd-2039: Could not open output pipe '/dev/xconsole':: No such file or directory [v8.16.0 try http://www.rsyslog.com/e/2039 ]
Sep  5 21:56:55 cu-cs-vm rsyslogd-2007: action 'action 10' suspended, next retry is Mon Sep  5 21:57:25 2016 [v8.16.0 try http://www.rsyslog.com/e/2007 ]
Sep  5 21:56:55 cu-cs-vm systemd[1]: Starting LSB: daemon to balance interrupts for SMP systems...
Sep  5 21:56:55 cu-cs-vm whoopsie[1559]: [21:56:55] Using lock path: /var/lock/whoopsie/lock
Sep  5 21:56:55 cu-cs-vm systemd[1]: Starting LSB: automatic crash report generation...
Sep  5 21:56:55 cu-cs-vm systemd[1]: Started uptime record daemon.
Sep  5 21:56:55 cu-cs-vm systemd[1]: Starting Modem Manager...
Sep  5 21:56:55 cu-cs-vm systemd[1]: Starting Initialize hardware monitoring sensors...
Sep  5 21:56:55 cu-cs-vm systemd[1]: Starting vboxadd.service...
Sep  5 21:56:55 cu-cs-vm sensors[1650]: No sensors found!
Sep  5 21:56:55 cu-cs-vm sensors[1650]: Make sure you loaded all the kernel drivers you need.
Sep  5 21:56:55 cu-cs-vm sensors[1650]: Try sensors-detect to find out which these are.
Sep  5 21:56:55 cu-cs-vm systemd[1]: Starting Detect the available GPUs and deal with any system changes...
Sep  5 21:56:55 cu-cs-vm whoopsie[1559]: [21:56:55] Could not get the Network Manager state:
Sep  5 21:56:55 cu-cs-vm whoopsie[1559]: [21:56:55] GDBus.Error:org.freedesktop.DBus.Error.ServiceUnknown: The name org.freedesktop.NetworkManager was not provided by any .service files
Sep  5 21:56:55 cu-cs-vm vboxadd[1654]: vboxadd.sh: Starting the VirtualBox Guest Additions.
Sep  5 21:56:55 cu-cs-vm ModemManager[1641]: <info>  ModemManager (version 1.4.12) starting in system bus...
Sep  5 21:56:55 cu-cs-vm vboxadd.sh: Starting the VirtualBox Guest Additions.
Sep  5 21:56:55 cu-cs-vm systemd[1]: Starting Network Manager...
Sep  5 21:56:55 cu-cs-vm dbus[1563]: [system] Activating via systemd: service name='org.freedesktop.PolicyKit1' unit='polkitd.service'
Sep  5 21:56:55 cu-cs-vm gpu-manager[1658]: /etc/modprobe.d is not a file
Sep  5 21:56:55 cu-cs-vm gpu-manager[1658]: /etc/modprobe.d is not a file
Sep  5 21:56:55 cu-cs-vm systemd[1]: Starting Restore /etc/resolv.conf if the system crashed before the ppp link was shut down...
Sep  5 21:56:55 cu-cs-vm gpu-manager[1658]: /etc/modprobe.d is not a file
Sep  5 21:56:55 cu-cs-vm systemd[1]: Starting Thermal Daemon Service...
Sep  5 21:56:55 cu-cs-vm systemd[1]: Starting Accounts Service...
Sep  5 21:56:55 cu-cs-vm gpu-manager[1658]: /etc/modprobe.d is not a file
Sep  5 21:56:55 cu-cs-vm systemd[1]: Starting Login Service...
Sep  5 21:56:55 cu-cs-vm thermald[1691]: NO RAPL sysfs present
Sep  5 21:56:55 cu-cs-vm thermald[1691]: 13 CPUID levels; family:model:stepping 0x6:45:1 (6:69:1)
Sep  5 21:56:55 cu-cs-vm thermald[1691]: Polling mode is enabled: 4
Sep  5 21:56:55 cu-cs-vm thermald[1691]: Thermal DTS: No coretemp sysfs found
Sep  5 21:56:55 cu-cs-vm thermald[1691]: Thermal DTS or hwmon: No Zones present Need to configure manually
Sep  5 21:56:55 cu-cs-vm thermald[1691]: No thermal sensors found
Sep  5 21:56:55 cu-cs-vm thermald[1691]: THD engine start failed
Sep  5 21:56:55 cu-cs-vm gpu-manager[1658]: /etc/modprobe.d is not a file
Sep  5 21:56:55 cu-cs-vm gpu-manager[1658]: Error: can't open /lib/modules/4.4.16ver1/updates/dkms
Sep  5 21:56:55 cu-cs-vm gpu-manager[1658]: Error: can't open /lib/modules/4.4.16ver1/updates/dkms
Sep  5 21:56:55 cu-cs-vm NetworkManager[1679]: <info>  [1473134215.5074] NetworkManager (version 1.2.0) is starting...
Sep  5 21:56:55 cu-cs-vm NetworkManager[1679]: <info>  [1473134215.5096] Read config: /etc/NetworkManager/NetworkManager.conf (etc: default-wifi-powersave-on.conf)
Sep  5 21:56:55 cu-cs-vm kernel: [    5.206768] vboxsf: Successfully loaded version 5.1.2 (interface 0x00010004)
Sep  5 21:56:55 cu-cs-vm systemd[1]: Started Regular background program processing daemon.
Sep  5 21:56:55 cu-cs-vm cron[1729]: (CRON) INFO (pidfile fd = 3)
Sep  5 21:56:55 cu-cs-vm NetworkManager[1679]: <info>  [1473134215.5421] manager[0x1bfd1a0]: monitoring kernel firmware directory '/lib/firmware'.
Sep  5 21:56:55 cu-cs-vm NetworkManager[1679]: <info>  [1473134215.5423] monitoring ifupdown state file '/run/network/ifstate'.
Sep  5 21:56:55 cu-cs-vm cron[1729]: (CRON) INFO (Running @reboot jobs)
Sep  5 21:56:55 cu-cs-vm NetworkManager[1679]: <info>  [1473134215.5699] dns-mgr[0x1c1c0a0]: set resolv-conf-mode: dnsmasq, plugin="dnsmasq"
Sep  5 21:56:55 cu-cs-vm NetworkManager[1679]: <info>  [1473134215.5701] dns-mgr[0x1c1c0a0]: using resolv.conf manager 'resolvconf'
Sep  5 21:56:55 cu-cs-vm dbus[1563]: [system] Activating via systemd: service name='org.freedesktop.nm_dispatcher' unit='dbus-org.freedesktop.nm-dispatcher.service'
Sep  5 21:56:55 cu-cs-vm systemd[1]: Starting LSB: Record successful boot for GRUB...
Sep  5 21:56:55 cu-cs-vm systemd[1]: Started System Logging Service.
Sep  5 21:56:55 cu-cs-vm gpu-manager[1658]: update-alternatives: error: no alternatives for x86_64-linux-gnu_gfxcore_conf
Sep  5 21:56:55 cu-cs-vm systemd[1]: Started Permit User Sessions.
Sep  5 21:56:55 cu-cs-vm vboxadd-x11.sh: Installing the Window System drivers.
Sep  5 21:56:55 cu-cs-vm systemd[1]: Started vboxadd-x11.service.
Sep  5 21:56:55 cu-cs-vm kernel: [    5.397345] snd_intel8x0 0000:00:05.0: white list rate for 1028:0177 is 48000
Sep  5 21:56:55 cu-cs-vm sensors[1807]: No sensors found!
Sep  5 21:56:55 cu-cs-vm sensors[1807]: Make sure you loaded all the kernel drivers you need.
Sep  5 21:56:55 cu-cs-vm sensors[1807]: Try sensors-detect to find out which these are.
Sep  5 21:56:55 cu-cs-vm systemd[1]: Started Detect the available GPUs and deal with any system changes.
Sep  5 21:56:55 cu-cs-vm systemd[1]: Started Restore /etc/resolv.conf if the system crashed before the ppp link was shut down.
Sep  5 21:56:55 cu-cs-vm systemd[1]: Started Thermal Daemon Service.
Sep  5 21:56:55 cu-cs-vm systemd[1]: Started Initialize hardware monitoring sensors.
Sep  5 21:56:55 cu-cs-vm vboxadd-x11.sh: Installing X.Org Server 1.18 modules.
Sep  5 21:56:55 cu-cs-vm systemd[1]: Started LSB: Execute the kexec -e command to reboot system.
Sep  5 21:56:55 cu-cs-vm vboxadd-x11.sh: X.Org Server 1.18 modules installed.
Sep  5 21:56:55 cu-cs-vm vboxadd-x11.sh: Setting up the Window System to use the Guest Additions.
Sep  5 21:56:55 cu-cs-vm vboxadd-x11.sh: Window System set up to use the Guest Additions.
Sep  5 21:56:55 cu-cs-vm vboxadd[1654]: You may need to restart the the Window System (or just restart the guest system)
Sep  5 21:56:55 cu-cs-vm vboxadd[1654]: to enable the Guest Additions.
Sep  5 21:56:55 cu-cs-vm vboxadd-x11.sh: Installing graphics libraries and desktop services components.
Sep  5 21:56:55 cu-cs-vm vboxadd-x11.sh: Window system drivers installed.
Sep  5 21:56:55 cu-cs-vm systemd[1]: Started LSB: Set the CPU Frequency Scaling governor to "ondemand".
Sep  5 21:56:55 cu-cs-vm speech-dispatcher[1599]:  * speech-dispatcher disabled; edit /etc/default/speech-dispatcher
Sep  5 21:56:55 cu-cs-vm systemd[1]: Started LSB: Speech Dispatcher.
Sep  5 21:56:55 cu-cs-vm irqbalance[1617]:  * Starting SMP IRQ Balancer: irqbalance
Sep  5 21:56:55 cu-cs-vm apport[1618]:  * Starting automatic crash report generation: apport
Sep  5 21:56:55 cu-cs-vm irqbalance[1617]:    ...done.
Sep  5 21:56:55 cu-cs-vm systemd[1]: Started LSB: daemon to balance interrupts for SMP systems.
Sep  5 21:56:55 cu-cs-vm apport[1618]:    ...done.
Sep  5 21:56:55 cu-cs-vm systemd[1]: Started LSB: automatic crash report generation.
Sep  5 21:56:56 cu-cs-vm systemd[1]: Started LSB: Record successful boot for GRUB.
Sep  5 21:56:56 cu-cs-vm systemd[1]: Started Network Manager.
Sep  5 21:56:56 cu-cs-vm systemd[1]: Started Raise network interfaces.
Sep  5 21:56:56 cu-cs-vm systemd[1]: Started Login Service.
Sep  5 21:56:56 cu-cs-vm systemd[1]: Starting Network Manager Script Dispatcher Service...
Sep  5 21:56:56 cu-cs-vm systemd[1]: Reached target Network.
Sep  5 21:56:56 cu-cs-vm systemd[1]: Starting OpenBSD Secure Shell server...
Sep  5 21:56:56 cu-cs-vm systemd[1]: Starting Network Manager Wait Online...
Sep  5 21:56:56 cu-cs-vm systemd[1]: Starting Authenticate and Authorize Users to Run Privileged Tasks...
Sep  5 21:56:56 cu-cs-vm systemd[1]: Reached target Sound Card.
Sep  5 21:56:56 cu-cs-vm systemd[1]: Starting LSB: Load kernel image with kexec...
Sep  5 21:56:56 cu-cs-vm systemd[1]: Starting Light Display Manager...
Sep  5 21:56:56 cu-cs-vm dbus[1563]: [system] Successfully activated service 'org.freedesktop.nm_dispatcher'
Sep  5 21:56:56 cu-cs-vm NetworkManager[1679]: <info>  [1473134216.2538] init!
Sep  5 21:56:56 cu-cs-vm NetworkManager[1679]: <info>  [1473134216.2541] management mode: unmanaged
Sep  5 21:56:56 cu-cs-vm NetworkManager[1679]: <info>  [1473134216.2544] devices added (path: /sys/devices/pci0000:00/0000:00:03.0/net/enp0s3, iface: enp0s3)
Sep  5 21:56:56 cu-cs-vm NetworkManager[1679]: <info>  [1473134216.2544] device added (path: /sys/devices/pci0000:00/0000:00:03.0/net/enp0s3, iface: enp0s3): no ifupdown configuration found.
Sep  5 21:56:56 cu-cs-vm NetworkManager[1679]: <info>  [1473134216.2544] devices added (path: /sys/devices/virtual/net/lo, iface: lo)
Sep  5 21:56:56 cu-cs-vm NetworkManager[1679]: <info>  [1473134216.2544] device added (path: /sys/devices/virtual/net/lo, iface: lo): no ifupdown configuration found.
Sep  5 21:56:56 cu-cs-vm NetworkManager[1679]: <info>  [1473134216.2544] end _init.
Sep  5 21:56:56 cu-cs-vm NetworkManager[1679]: <info>  [1473134216.2544] settings: loaded plugin ifupdown: (C) 2008 Canonical Ltd.  To report bugs please use the NetworkManager mailing list. (/usr/lib/x86_64-linux-gnu/NetworkManager/libnm-settings-plugin-ifupdown.so)
Sep  5 21:56:56 cu-cs-vm NetworkManager[1679]: <info>  [1473134216.2545] settings: loaded plugin keyfile: (c) 2007 - 2015 Red Hat, Inc.  To report bugs please use the NetworkManager mailing list.
Sep  5 21:56:56 cu-cs-vm NetworkManager[1679]: <info>  [1473134216.2623] SettingsPlugin-Ofono: init!
Sep  5 21:56:56 cu-cs-vm NetworkManager[1679]: <warn>  [1473134216.2625] SettingsPlugin-Ofono: file doesn't exist: /var/lib/ofono
Sep  5 21:56:56 cu-cs-vm NetworkManager[1679]: <info>  [1473134216.2626] SettingsPlugin-Ofono: end _init.
Sep  5 21:56:56 cu-cs-vm NetworkManager[1679]: <info>  [1473134216.2626] settings: loaded plugin ofono: (C) 2013-2016 Canonical Ltd.  To report bugs please use the NetworkManager mailing list. (/usr/lib/x86_64-linux-gnu/NetworkManager/libnm-settings-plugin-ofono.so)
Sep  5 21:56:56 cu-cs-vm NetworkManager[1679]: <info>  [1473134216.2626] (29531344) ... get_connections.
Sep  5 21:56:56 cu-cs-vm NetworkManager[1679]: <info>  [1473134216.2626] (29531344) ... get_connections (managed=false): return empty list.
Sep  5 21:56:56 cu-cs-vm NetworkManager[1679]: <info>  [1473134216.2628] SettingsPlugin-Ofono: (29531504) ... get_connections.
Sep  5 21:56:56 cu-cs-vm NetworkManager[1679]: <info>  [1473134216.2628] SettingsPlugin-Ofono: (29531504) connections count: 0
Sep  5 21:56:56 cu-cs-vm NetworkManager[1679]: <info>  [1473134216.2629] get unmanaged devices count: 0
Sep  5 21:56:56 cu-cs-vm dbus[1563]: [system] Activating via systemd: service name='org.freedesktop.hostname1' unit='dbus-org.freedesktop.hostname1.service'
Sep  5 21:56:56 cu-cs-vm systemd[1]: Started Network Manager Script Dispatcher Service.
Sep  5 21:56:56 cu-cs-vm polkitd[1977]: started daemon version 0.105 using authority implementation `local' version `0.105'
Sep  5 21:56:56 cu-cs-vm dbus[1563]: [system] Successfully activated service 'org.freedesktop.PolicyKit1'
Sep  5 21:56:56 cu-cs-vm accounts-daemon[1698]: started daemon version 0.6.40
Sep  5 21:56:56 cu-cs-vm systemd[1]: Started Authenticate and Authorize Users to Run Privileged Tasks.
Sep  5 21:56:56 cu-cs-vm systemd[1]: Started Accounts Service.
Sep  5 21:56:56 cu-cs-vm systemd[1]: Starting Hostname Service...
Sep  5 21:56:56 cu-cs-vm systemd[1]: Started LSB: Load kernel image with kexec.
Sep  5 21:56:56 cu-cs-vm dbus[1563]: [system] Successfully activated service 'org.freedesktop.hostname1'
Sep  5 21:56:56 cu-cs-vm systemd[1]: Started Modem Manager.
Sep  5 21:56:56 cu-cs-vm NetworkManager[1679]: <info>  [1473134216.4427] settings: hostname: using hostnamed
Sep  5 21:56:56 cu-cs-vm NetworkManager[1679]: <info>  [1473134216.4428] settings: hostname changed from (none) to "cu-cs-vm"
Sep  5 21:56:56 cu-cs-vm nm-dispatcher: req:1 'hostname': new request (1 scripts)
Sep  5 21:56:56 cu-cs-vm nm-dispatcher: req:1 'hostname': start running ordered scripts...
Sep  5 21:56:56 cu-cs-vm NetworkManager[1679]: <info>  [1473134216.4461] Using DHCP client 'dhclient'
Sep  5 21:56:56 cu-cs-vm NetworkManager[1679]: <info>  [1473134216.4462] manager: WiFi enabled by radio killswitch; enabled by state file
Sep  5 21:56:56 cu-cs-vm NetworkManager[1679]: <info>  [1473134216.4463] manager: WWAN enabled by radio killswitch; enabled by state file
Sep  5 21:56:56 cu-cs-vm NetworkManager[1679]: <info>  [1473134216.4463] manager: Networking is enabled by state file
Sep  5 21:56:56 cu-cs-vm NetworkManager[1679]: <info>  [1473134216.4464] Loaded device plugin: NMVxlanFactory (internal)
Sep  5 21:56:56 cu-cs-vm NetworkManager[1679]: <info>  [1473134216.4464] Loaded device plugin: NMVlanFactory (internal)
Sep  5 21:56:56 cu-cs-vm NetworkManager[1679]: <info>  [1473134216.4464] Loaded device plugin: NMVethFactory (internal)
Sep  5 21:56:56 cu-cs-vm NetworkManager[1679]: <info>  [1473134216.4465] Loaded device plugin: NMTunFactory (internal)
Sep  5 21:56:56 cu-cs-vm NetworkManager[1679]: <info>  [1473134216.4465] Loaded device plugin: NMMacvlanFactory (internal)
Sep  5 21:56:56 cu-cs-vm NetworkManager[1679]: <info>  [1473134216.4465] Loaded device plugin: NMIPTunnelFactory (internal)
Sep  5 21:56:56 cu-cs-vm NetworkManager[1679]: <info>  [1473134216.4465] Loaded device plugin: NMInfinibandFactory (internal)
Sep  5 21:56:56 cu-cs-vm NetworkManager[1679]: <info>  [1473134216.4466] Loaded device plugin: NMEthernetFactory (internal)
Sep  5 21:56:56 cu-cs-vm NetworkManager[1679]: <info>  [1473134216.4466] Loaded device plugin: NMBridgeFactory (internal)
Sep  5 21:56:56 cu-cs-vm NetworkManager[1679]: <info>  [1473134216.4466] Loaded device plugin: NMBondFactory (internal)
Sep  5 21:56:56 cu-cs-vm NetworkManager[1679]: <info>  [1473134216.4534] Loaded device plugin: NMAtmManager (/usr/lib/x86_64-linux-gnu/NetworkManager/libnm-device-plugin-adsl.so)
Sep  5 21:56:56 cu-cs-vm systemd[1]: Started Hostname Service.
Sep  5 21:56:56 cu-cs-vm systemd[1]: Started Light Display Manager.
Sep  5 21:56:56 cu-cs-vm systemd[1]: Started OpenBSD Secure Shell server.
Sep  5 21:56:56 cu-cs-vm NetworkManager[1679]: <info>  [1473134216.4895] Loaded device plugin: NMBluezManager (/usr/lib/x86_64-linux-gnu/NetworkManager/libnm-device-plugin-bluetooth.so)
Sep  5 21:56:56 cu-cs-vm NetworkManager[1679]: <info>  [1473134216.4954] Loaded device plugin: NMWifiFactory (/usr/lib/x86_64-linux-gnu/NetworkManager/libnm-device-plugin-wifi.so)
Sep  5 21:56:56 cu-cs-vm NetworkManager[1679]: <info>  [1473134216.4983] Loaded device plugin: NMWwanFactory (/usr/lib/x86_64-linux-gnu/NetworkManager/libnm-device-plugin-wwan.so)
Sep  5 21:56:56 cu-cs-vm NetworkManager[1679]: <info>  [1473134216.4999] manager: (enp0s3): new Ethernet device (/org/freedesktop/NetworkManager/Devices/0)
Sep  5 21:56:56 cu-cs-vm NetworkManager[1679]: <info>  [1473134216.5012] keyfile: add connection in-memory (04b932b8-911c-48df-906a-93160af92630,"Wired connection 1")
Sep  5 21:56:56 cu-cs-vm vboxadd.sh: .
Sep  5 21:56:56 cu-cs-vm systemd[1]: Started vboxadd.service.
Sep  5 21:56:56 cu-cs-vm NetworkManager[1679]: <info>  [1473134216.5166] settings: (enp0s3): created default wired connection 'Wired connection 1'
Sep  5 21:56:56 cu-cs-vm kernel: [    6.207474] IPv6: ADDRCONF(NETDEV_UP): enp0s3: link is not ready
Sep  5 21:56:56 cu-cs-vm kernel: [    6.214483] e1000: enp0s3 NIC Link is Up 1000 Mbps Full Duplex, Flow Control: RX
Sep  5 21:56:56 cu-cs-vm NetworkManager[1679]: <info>  [1473134216.5203] device (enp0s3): state change: unmanaged -> unavailable (reason 'managed') [10 20 2]
Sep  5 21:56:56 cu-cs-vm systemd[1]: Starting vboxadd-service.service...
Sep  5 21:56:56 cu-cs-vm NetworkManager[1679]: <info>  [1473134216.5336] device (enp0s3): link connected
Sep  5 21:56:56 cu-cs-vm NetworkManager[1679]: nm_device_get_device_type: assertion 'NM_IS_DEVICE (self)' failed
Sep  5 21:56:56 cu-cs-vm NetworkManager[1679]: <info>  [1473134216.5347] device (lo): link connected
Sep  5 21:56:56 cu-cs-vm NetworkManager[1679]: <info>  [1473134216.5355] manager: (lo): new Generic device (/org/freedesktop/NetworkManager/Devices/1)
Sep  5 21:56:56 cu-cs-vm vboxadd-service[2019]: vboxadd-service.sh: Starting VirtualBox Guest Addition service.
Sep  5 21:56:56 cu-cs-vm vboxadd-service.sh: Starting VirtualBox Guest Addition service.
Sep  5 21:56:56 cu-cs-vm NetworkManager[1679]: <info>  [1473134216.5769] urfkill disappeared from the bus
Sep  5 21:56:56 cu-cs-vm kernel: [    6.285982] VBoxService 5.1.2 r108956 (verbosity: 0) linux.amd64 (Jul 21 2016 17:47:02) release log
Sep  5 21:56:56 cu-cs-vm kernel: [    6.285982] 00:00:00.000236 main     Log opened 2016-09-06T03:56:56.598934000Z
Sep  5 21:56:56 cu-cs-vm kernel: [    6.286092] 00:00:00.000478 main     OS Product: Linux
Sep  5 21:56:56 cu-cs-vm kernel: [    6.286134] 00:00:00.000535 main     OS Release: 4.4.16ver1
Sep  5 21:56:56 cu-cs-vm kernel: [    6.286170] 00:00:00.000574 main     OS Version: #3 SMP Mon Sep 5 21:34:48 MDT 2016
Sep  5 21:56:56 cu-cs-vm kernel: [    6.286228] 00:00:00.000609 main     Executable: /opt/VBoxGuestAdditions-5.1.2/sbin/VBoxService
Sep  5 21:56:56 cu-cs-vm kernel: [    6.286228] 00:00:00.000611 main     Process ID: 2027
Sep  5 21:56:56 cu-cs-vm kernel: [    6.286228] 00:00:00.000612 main     Package type: LINUX_64BITS_GENERIC
Sep  5 21:56:56 cu-cs-vm kernel: [    6.295347] 00:00:00.009646 main     5.1.2 r108956 started. Verbose level = 0
Sep  5 21:56:56 cu-cs-vm NetworkManager[1679]: <info>  [1473134216.6109] device (enp0s3): state change: unavailable -> disconnected (reason 'none') [20 30 0]
Sep  5 21:56:56 cu-cs-vm vboxadd-service.sh: VirtualBox Guest Addition service started.
Sep  5 21:56:56 cu-cs-vm systemd[1]: Started vboxadd-service.service.
Sep  5 21:56:56 cu-cs-vm NetworkManager[1679]: <info>  [1473134216.6331] ofono is now available
Sep  5 21:56:56 cu-cs-vm NetworkManager[1679]: <info>  [1473134216.6334] ModemManager available in the bus
Sep  5 21:56:56 cu-cs-vm NetworkManager[1679]: <info>  [1473134216.6369] policy: auto-activating connection 'Wired connection 1'
Sep  5 21:56:56 cu-cs-vm NetworkManager[1679]: <warn>  [1473134216.6385] failed to enumerate oFono devices: GDBus.Error:org.freedesktop.DBus.Error.ServiceUnknown: The name org.ofono was not provided by any .service files
Sep  5 21:56:56 cu-cs-vm NetworkManager[1679]: <info>  [1473134216.6409] device (enp0s3): Activation: starting connection 'Wired connection 1' (04b932b8-911c-48df-906a-93160af92630)
Sep  5 21:56:56 cu-cs-vm NetworkManager[1679]: <info>  [1473134216.6508] device (enp0s3): state change: disconnected -> prepare (reason 'none') [30 40 0]
Sep  5 21:56:56 cu-cs-vm NetworkManager[1679]: <info>  [1473134216.6510] manager: NetworkManager state is now CONNECTING
Sep  5 21:56:56 cu-cs-vm whoopsie[1559]: [21:56:56] offline
Sep  5 21:56:56 cu-cs-vm NetworkManager[1679]: <info>  [1473134216.6693] device (enp0s3): state change: prepare -> config (reason 'none') [40 50 0]
Sep  5 21:56:56 cu-cs-vm NetworkManager[1679]: <info>  [1473134216.6805] device (enp0s3): state change: config -> ip-config (reason 'none') [50 70 0]
Sep  5 21:56:56 cu-cs-vm NetworkManager[1679]: <info>  [1473134216.6845] dhcp4 (enp0s3): activation: beginning transaction (timeout in 45 seconds)
Sep  5 21:56:56 cu-cs-vm NetworkManager[1679]: <info>  [1473134216.7012] dhcp4 (enp0s3): dhclient started with pid 2046
Sep  5 21:56:56 cu-cs-vm dhclient[2046]: DHCPDISCOVER on enp0s3 to 255.255.255.255 port 67 interval 3 (xid=0x70a1bc46)
Sep  5 21:56:56 cu-cs-vm dhclient[2046]: DHCPREQUEST of 10.0.2.15 on enp0s3 to 255.255.255.255 port 67 (xid=0x46bca170)
Sep  5 21:56:56 cu-cs-vm dhclient[2046]: DHCPOFFER of 10.0.2.15 from 10.0.2.2
Sep  5 21:56:56 cu-cs-vm dhclient[2046]: DHCPACK of 10.0.2.15 from 10.0.2.2
Sep  5 21:56:56 cu-cs-vm NetworkManager[1679]: <info>  [1473134216.7827]   address 10.0.2.15
Sep  5 21:56:56 cu-cs-vm NetworkManager[1679]: <info>  [1473134216.7830]   plen 24 (255.255.255.0)
Sep  5 21:56:56 cu-cs-vm NetworkManager[1679]: <info>  [1473134216.7833]   gateway 10.0.2.2
Sep  5 21:56:56 cu-cs-vm NetworkManager[1679]: <info>  [1473134216.7836]   server identifier 10.0.2.2
Sep  5 21:56:56 cu-cs-vm NetworkManager[1679]: <info>  [1473134216.7838]   lease time 86400
Sep  5 21:56:56 cu-cs-vm NetworkManager[1679]: <info>  [1473134216.7840]   nameserver '209.222.18.222'
Sep  5 21:56:56 cu-cs-vm NetworkManager[1679]: <info>  [1473134216.7842]   nameserver '209.222.18.218'
Sep  5 21:56:56 cu-cs-vm NetworkManager[1679]: <info>  [1473134216.7844] dhcp4 (enp0s3): state changed unknown -> bound
Sep  5 21:56:56 cu-cs-vm avahi-daemon[1541]: Joining mDNS multicast group on interface enp0s3.IPv4 with address 10.0.2.15.
Sep  5 21:56:56 cu-cs-vm avahi-daemon[1541]: New relevant interface enp0s3.IPv4 for mDNS.
Sep  5 21:56:56 cu-cs-vm avahi-daemon[1541]: Registering new address record for 10.0.2.15 on enp0s3.IPv4.
Sep  5 21:56:56 cu-cs-vm NetworkManager[1679]: <info>  [1473134216.7896] device (enp0s3): state change: ip-config -> ip-check (reason 'none') [70 80 0]
Sep  5 21:56:56 cu-cs-vm whoopsie[1559]: [21:56:56] Cannot reach: https://daisy.ubuntu.com
Sep  5 21:56:56 cu-cs-vm NetworkManager[1679]: <info>  [1473134216.8099] device (enp0s3): state change: ip-check -> secondaries (reason 'none') [80 90 0]
Sep  5 21:56:56 cu-cs-vm NetworkManager[1679]: <info>  [1473134216.8177] device (enp0s3): state change: secondaries -> activated (reason 'none') [90 100 0]
Sep  5 21:56:56 cu-cs-vm NetworkManager[1679]: <info>  [1473134216.8190] manager: NetworkManager state is now CONNECTED_LOCAL
Sep  5 21:56:56 cu-cs-vm dhclient[2046]: bound to 10.0.2.15 -- renewal in 42619 seconds.
Sep  5 21:56:56 cu-cs-vm NetworkManager[1679]: <info>  [1473134216.8207] manager: NetworkManager state is now CONNECTED_GLOBAL
Sep  5 21:56:56 cu-cs-vm NetworkManager[1679]: <info>  [1473134216.8216] policy: set 'Wired connection 1' (enp0s3) as default for IPv4 routing and DNS
Sep  5 21:56:56 cu-cs-vm NetworkManager[1679]: <info>  [1473134216.8219] DNS: starting dnsmasq...
Sep  5 21:56:56 cu-cs-vm NetworkManager[1679]: <warn>  [1473134216.8363] dnsmasq[0x1be5e20]: dnsmasq not found on the bus. The nameserver update will be sent when dnsmasq appears
Sep  5 21:56:56 cu-cs-vm NetworkManager[1679]: <info>  [1473134216.8368] dns-mgr: Writing DNS information to /sbin/resolvconf
Sep  5 21:56:56 cu-cs-vm dnsmasq[2067]: started, version 2.75 cache disabled
Sep  5 21:56:56 cu-cs-vm dnsmasq[2067]: compile time options: IPv6 GNU-getopt DBus i18n IDN DHCP DHCPv6 no-Lua TFTP conntrack ipset auth DNSSEC loop-detect inotify
Sep  5 21:56:56 cu-cs-vm dnsmasq[2067]: DBus support enabled: connected to system bus
Sep  5 21:56:56 cu-cs-vm dnsmasq[2067]: warning: no upstream servers configured
Sep  5 21:56:56 cu-cs-vm NetworkManager[1679]: <info>  [1473134216.9230] device (enp0s3): Activation: successful, device activated.
Sep  5 21:56:56 cu-cs-vm nm-dispatcher: req:2 'up' [enp0s3]: new request (1 scripts)
Sep  5 21:56:56 cu-cs-vm nm-dispatcher: req:2 'up' [enp0s3]: start running ordered scripts...
Sep  5 21:56:56 cu-cs-vm NetworkManager[1679]: <info>  [1473134216.9332] dnsmasq[0x1be5e20]: dnsmasq appeared as :1.25
Sep  5 21:56:56 cu-cs-vm NetworkManager[1679]: <info>  [1473134216.9336] dns-mgr: Writing DNS information to /sbin/resolvconf
Sep  5 21:56:56 cu-cs-vm dnsmasq[2067]: setting upstream servers from DBus
Sep  5 21:56:56 cu-cs-vm dnsmasq[2067]: using nameserver 209.222.18.222#53
Sep  5 21:56:56 cu-cs-vm dnsmasq[2067]: using nameserver 209.222.18.218#53
Sep  5 21:56:56 cu-cs-vm systemd[1]: Created slice User Slice of user.
Sep  5 21:56:56 cu-cs-vm whoopsie[1559]: [21:56:56] The default IPv4 route is: /org/freedesktop/NetworkManager/ActiveConnection/0
Sep  5 21:56:56 cu-cs-vm whoopsie[1559]: [21:56:56] Not a paid data plan: /org/freedesktop/NetworkManager/ActiveConnection/0
Sep  5 21:56:56 cu-cs-vm whoopsie[1559]: [21:56:56] Found usable connection: /org/freedesktop/NetworkManager/ActiveConnection/0
Sep  5 21:56:56 cu-cs-vm systemd[1]: Starting User Manager for UID 1000...
Sep  5 21:56:56 cu-cs-vm systemd[1]: Started Session c1 of user user.
Sep  5 21:56:56 cu-cs-vm systemd[2142]: Reached target Timers.
Sep  5 21:56:56 cu-cs-vm systemd[2142]: Reached target Paths.
Sep  5 21:56:56 cu-cs-vm systemd[2142]: Reached target Sockets.
Sep  5 21:56:56 cu-cs-vm systemd[2142]: Reached target Basic System.
Sep  5 21:56:56 cu-cs-vm systemd[2142]: Reached target Default.
Sep  5 21:56:56 cu-cs-vm systemd[2142]: Startup finished in 17ms.
Sep  5 21:56:56 cu-cs-vm systemd[1]: Started User Manager for UID 1000.
Sep  5 21:56:57 cu-cs-vm whoopsie[1559]: [21:56:56] online
Sep  5 21:56:57 cu-cs-vm systemd[1]: Reloading OpenBSD Secure Shell server.
Sep  5 21:56:57 cu-cs-vm systemd[1]: Reloaded OpenBSD Secure Shell server.
Sep  5 21:56:57 cu-cs-vm systemd[1]: Reloading OpenBSD Secure Shell server.
Sep  5 21:56:57 cu-cs-vm systemd[1]: Reloaded OpenBSD Secure Shell server.
Sep  5 21:56:58 cu-cs-vm avahi-daemon[1541]: Joining mDNS multicast group on interface enp0s3.IPv6 with address fe80::3cc6:c08:f9d9:cbf4.
Sep  5 21:56:58 cu-cs-vm avahi-daemon[1541]: New relevant interface enp0s3.IPv6 for mDNS.
Sep  5 21:56:58 cu-cs-vm avahi-daemon[1541]: Registering new address record for fe80::3cc6:c08:f9d9:cbf4 on enp0s3.*.
Sep  5 21:56:58 cu-cs-vm ModemManager[1641]: <info>  Couldn't find support for device at '/sys/devices/pci0000:00/0000:00:03.0': not supported by any plugin
Sep  5 21:56:58 cu-cs-vm dbus[1563]: [system] Activating via systemd: service name='org.freedesktop.UPower' unit='upower.service'
Sep  5 21:56:58 cu-cs-vm systemd[1]: Starting Daemon for power management...
Sep  5 21:56:58 cu-cs-vm dbus[1563]: [system] Activating via systemd: service name='org.freedesktop.RealtimeKit1' unit='rtkit-daemon.service'
Sep  5 21:56:58 cu-cs-vm dbus[1563]: [system] Successfully activated service 'org.freedesktop.UPower'
Sep  5 21:56:58 cu-cs-vm systemd[1]: Starting RealtimeKit Scheduling Policy Service...
Sep  5 21:56:58 cu-cs-vm systemd[1]: Started Daemon for power management.
Sep  5 21:56:58 cu-cs-vm dbus[1563]: [system] Successfully activated service 'org.freedesktop.RealtimeKit1'
Sep  5 21:56:58 cu-cs-vm rtkit-daemon[2538]: Successfully called chroot.
Sep  5 21:56:58 cu-cs-vm rtkit-daemon[2538]: Successfully dropped privileges.
Sep  5 21:56:58 cu-cs-vm rtkit-daemon[2538]: Successfully limited resources.
Sep  5 21:56:58 cu-cs-vm rtkit-daemon[2538]: Running.
Sep  5 21:56:58 cu-cs-vm systemd[1]: Started RealtimeKit Scheduling Policy Service.
Sep  5 21:56:58 cu-cs-vm rtkit-daemon[2538]: Watchdog thread running.
Sep  5 21:56:58 cu-cs-vm rtkit-daemon[2538]: Canary thread running.
Sep  5 21:56:58 cu-cs-vm rtkit-daemon[2538]: Successfully made thread 2537 of process 2537 (n/a) owned by '1000' high priority at nice level -11.
Sep  5 21:56:58 cu-cs-vm rtkit-daemon[2538]: Supervising 1 threads of 1 processes of 1 users.
Sep  5 21:56:58 cu-cs-vm pulseaudio[2537]: [pulseaudio] alsa-util.c: Disabling timer-based scheduling because running inside a VM.
Sep  5 21:56:58 cu-cs-vm pulseaudio[2537]: [pulseaudio] sink.c: Default and alternate sample rates are the same.
Sep  5 21:56:58 cu-cs-vm rtkit-daemon[2538]: Supervising 1 threads of 1 processes of 1 users.
Sep  5 21:56:58 cu-cs-vm rtkit-daemon[2538]: Successfully made thread 2551 of process 2537 (n/a) owned by '1000' RT at priority 5.
Sep  5 21:56:58 cu-cs-vm rtkit-daemon[2538]: Supervising 2 threads of 1 processes of 1 users.
Sep  5 21:56:58 cu-cs-vm pulseaudio[2537]: [pulseaudio] alsa-util.c: Disabling timer-based scheduling because running inside a VM.
Sep  5 21:56:58 cu-cs-vm rtkit-daemon[2538]: Supervising 2 threads of 1 processes of 1 users.
Sep  5 21:56:58 cu-cs-vm rtkit-daemon[2538]: Successfully made thread 2552 of process 2537 (n/a) owned by '1000' RT at priority 5.
Sep  5 21:56:58 cu-cs-vm rtkit-daemon[2538]: Supervising 3 threads of 1 processes of 1 users.
Sep  5 21:56:59 cu-cs-vm rtkit-daemon[2538]: Successfully made thread 2566 of process 2566 (n/a) owned by '1000' high priority at nice level -11.
Sep  5 21:56:59 cu-cs-vm rtkit-daemon[2538]: Supervising 4 threads of 2 processes of 1 users.
Sep  5 21:56:59 cu-cs-vm pulseaudio[2566]: [pulseaudio] pid.c: Daemon already running.
Sep  5 21:56:59 cu-cs-vm org.a11y.Bus[2346]: Activating service name='org.a11y.atspi.Registry'
Sep  5 21:56:59 cu-cs-vm org.a11y.Bus[2346]: ** (process:2557): WARNING **: Failed to register client: GDBus.Error:org.freedesktop.DBus.Error.ServiceUnknown: The name org.gnome.SessionManager was not provided by any .service files
Sep  5 21:56:59 cu-cs-vm org.a11y.Bus[2346]: Successfully activated service 'org.a11y.atspi.Registry'
Sep  5 21:56:59 cu-cs-vm org.a11y.atspi.Registry[2562]: SpiRegistry daemon is running with well-known name - org.a11y.atspi.Registry
Sep  5 21:56:59 cu-cs-vm dbus[1563]: [system] Activating via systemd: service name='org.freedesktop.UDisks2' unit='udisks2.service'
Sep  5 21:56:59 cu-cs-vm systemd[1]: Starting Disk Manager...
Sep  5 21:56:59 cu-cs-vm udisksd[2630]: udisks daemon version 2.1.7 starting
Sep  5 21:56:59 cu-cs-vm dbus[1563]: [system] Successfully activated service 'org.freedesktop.UDisks2'
Sep  5 21:56:59 cu-cs-vm systemd[1]: Started Disk Manager.
Sep  5 21:56:59 cu-cs-vm udisksd[2630]: Acquired the name org.freedesktop.UDisks2 on the system message bus
Sep  5 21:57:00 cu-cs-vm kernel: [    9.786005] random: nonblocking pool is initialized
Sep  5 21:57:00 cu-cs-vm org.gtk.vfs.AfcVolumeMonitor[2346]: Volume monitor alive
Sep  5 21:57:00 cu-cs-vm dbus[1563]: [system] Activating via systemd: service name='org.bluez' unit='dbus-org.bluez.service'
Sep  5 21:57:01 cu-cs-vm NetworkManager[1679]: <info>  [1473134221.5446] manager: startup complete
Sep  5 21:57:01 cu-cs-vm systemd[1]: Started Network Manager Wait Online.
Sep  5 21:57:01 cu-cs-vm systemd[1]: Reached target Network is Online.
Sep  5 21:57:01 cu-cs-vm systemd[1]: Starting /etc/rc.local Compatibility...
Sep  5 21:57:01 cu-cs-vm systemd[1]: Starting LSB: disk temperature monitoring daemon...
Sep  5 21:57:01 cu-cs-vm systemd[1]: Started /etc/rc.local Compatibility.
Sep  5 21:57:01 cu-cs-vm systemd[1]: Starting Hold until boot process finishes up...
Sep  5 21:57:01 cu-cs-vm systemd[1]: Started Hold until boot process finishes up.
Sep  5 21:57:01 cu-cs-vm systemd[1]: Started LSB: disk temperature monitoring daemon.
Sep  5 21:57:01 cu-cs-vm systemd[1]: Started Getty on tty1.
Sep  5 21:57:01 cu-cs-vm systemd[1]: Reached target Login Prompts.
Sep  5 21:57:01 cu-cs-vm systemd[1]: Reached target Multi-User System.
Sep  5 21:57:01 cu-cs-vm systemd[1]: Reached target Graphical Interface.
Sep  5 21:57:01 cu-cs-vm systemd[1]: Starting Update UTMP about System Runlevel Changes...
Sep  5 21:57:01 cu-cs-vm systemd[1]: Starting Set console scheme...
Sep  5 21:57:01 cu-cs-vm systemd[1]: Started Set console scheme.
Sep  5 21:57:01 cu-cs-vm systemd[1]: Started Update UTMP about System Runlevel Changes.
Sep  5 21:57:01 cu-cs-vm systemd[1]: Startup finished in 2.545s (kernel) + 8.530s (userspace) = 11.076s.
Sep  5 21:57:05 cu-cs-vm NetworkManager[1679]: <info>  [1473134225.5423] WiFi hardware radio set enabled
Sep  5 21:57:05 cu-cs-vm NetworkManager[1679]: <info>  [1473134225.5424] WWAN hardware radio set enabled
Sep  5 21:57:26 cu-cs-vm dbus[1563]: [system] Activating via systemd: service name='org.bluez' unit='dbus-org.bluez.service'
Sep  5 21:57:26 cu-cs-vm dbus[1563]: [system] Activating service name='org.blueman.Mechanism' (using servicehelper)
Sep  5 21:57:26 cu-cs-vm obexd[2773]: OBEX daemon 5.37
Sep  5 21:57:26 cu-cs-vm org.blueman.Mechanism[1563]: Failed to connect to Mir: Failed to connect to server socket: No such file or directory
Sep  5 21:57:26 cu-cs-vm org.blueman.Mechanism[1563]: Unable to init server: Could not connect: Connection refused
Sep  5 21:57:26 cu-cs-vm org.blueman.Mechanism[1563]: Failed to connect to Mir: Failed to connect to server socket: No such file or directory
Sep  5 21:57:26 cu-cs-vm org.blueman.Mechanism[1563]: Unable to init server: Could not connect: Connection refused
Sep  5 21:57:26 cu-cs-vm blueman-mechanism: Starting blueman-mechanism
Sep  5 21:57:26 cu-cs-vm dbus[1563]: [system] Successfully activated service 'org.blueman.Mechanism'
Sep  5 21:57:26 cu-cs-vm org.blueman.Mechanism[1563]: (blueman-mechanism:2771): Gtk-CRITICAL **: gtk_icon_theme_get_for_screen: assertion 'GDK_IS_SCREEN (screen)' failed
Sep  5 21:57:26 cu-cs-vm blueman-mechanism: loading Network
Sep  5 21:57:26 cu-cs-vm blueman-mechanism: loading Ppp
Sep  5 21:57:26 cu-cs-vm blueman-mechanism: loading Rfcomm
Sep  5 21:57:26 cu-cs-vm blueman-mechanism: loading RfKill
Sep  5 21:57:56 cu-cs-vm blueman-mechanism: Exiting
Sep  5 22:06:55 cu-cs-vm uptimed: moving up to position 9: 0 days, 00:10:05
Sep  5 22:11:54 cu-cs-vm systemd[1]: Starting Cleanup of Temporary Directories...
Sep  5 22:11:54 cu-cs-vm systemd-tmpfiles[2954]: [/usr/lib/tmpfiles.d/var.conf:14] Duplicate line for path "/var/log", ignoring.
Sep  5 22:11:54 cu-cs-vm systemd[1]: Started Cleanup of Temporary Directories.
Sep  5 22:16:55 cu-cs-vm uptimed: moving up to position 6: 0 days, 00:20:05
Sep  5 22:17:01 cu-cs-vm CRON[2984]: (root) CMD (   cd / && run-parts --report /etc/cron.hourly)
Sep  5 22:26:55 cu-cs-vm uptimed: moving up to position 5: 0 days, 00:30:05
Sep  5 22:36:55 cu-cs-vm uptimed: moving up to position 3: 0 days, 00:40:05
Sep  5 23:06:55 cu-cs-vm uptimed: moving up to position 2: 0 days, 01:10:05
Sep  5 23:11:25 cu-cs-vm NetworkManager[1679]: <info>  [1473138685.1460] device (enp0s3): link disconnected (deferring action for 4 seconds)
Sep  5 23:11:25 cu-cs-vm kernel: [ 4472.597663] e1000: enp0s3 NIC Link is Down
Sep  5 23:11:29 cu-cs-vm NetworkManager[1679]: <info>  [1473138689.5471] device (enp0s3): link disconnected (calling deferred action)
Sep  5 23:11:29 cu-cs-vm NetworkManager[1679]: <info>  [1473138689.5483] device (enp0s3): state change: activated -> unavailable (reason 'carrier-changed') [100 20 40]
Sep  5 23:11:29 cu-cs-vm NetworkManager[1679]: <info>  [1473138689.6097] dhcp4 (enp0s3): canceled DHCP transaction, DHCP client pid 2046
Sep  5 23:11:29 cu-cs-vm avahi-daemon[1541]: Withdrawing address record for 10.0.2.15 on enp0s3.
Sep  5 23:11:29 cu-cs-vm NetworkManager[1679]: <info>  [1473138689.6097] dhcp4 (enp0s3): state changed bound -> done
Sep  5 23:11:29 cu-cs-vm avahi-daemon[1541]: Leaving mDNS multicast group on interface enp0s3.IPv4 with address 10.0.2.15.
Sep  5 23:11:29 cu-cs-vm NetworkManager[1679]: <info>  [1473138689.6162] dns-mgr: Writing DNS information to /sbin/resolvconf
Sep  5 23:11:29 cu-cs-vm dnsmasq[2067]: setting upstream servers from DBus
Sep  5 23:11:29 cu-cs-vm avahi-daemon[1541]: Interface enp0s3.IPv4 no longer relevant for mDNS.
Sep  5 23:11:29 cu-cs-vm avahi-daemon[1541]: Withdrawing address record for fe80::3cc6:c08:f9d9:cbf4 on enp0s3.
Sep  5 23:11:29 cu-cs-vm avahi-daemon[1541]: Leaving mDNS multicast group on interface enp0s3.IPv6 with address fe80::3cc6:c08:f9d9:cbf4.
Sep  5 23:11:29 cu-cs-vm avahi-daemon[1541]: Interface enp0s3.IPv6 no longer relevant for mDNS.
Sep  5 23:11:29 cu-cs-vm whoopsie[1559]: [23:11:29] Cannot reach: https://daisy.ubuntu.com
Sep  5 23:11:29 cu-cs-vm whoopsie[1559]: [23:11:29] offline
Sep  5 23:11:29 cu-cs-vm whoopsie[1559]: [23:11:29] Cannot reach: https://daisy.ubuntu.com
Sep  5 23:11:29 cu-cs-vm NetworkManager[1679]: <info>  [1473138689.6946] manager: NetworkManager state is now CONNECTED_LOCAL
Sep  5 23:11:29 cu-cs-vm NetworkManager[1679]: <info>  [1473138689.6948] manager: NetworkManager state is now DISCONNECTED
Sep  5 23:11:29 cu-cs-vm dbus[1563]: [system] Activating via systemd: service name='org.freedesktop.nm_dispatcher' unit='dbus-org.freedesktop.nm-dispatcher.service'
Sep  5 23:11:29 cu-cs-vm systemd[1]: Starting Network Manager Script Dispatcher Service...
Sep  5 23:11:29 cu-cs-vm dbus[1563]: [system] Successfully activated service 'org.freedesktop.nm_dispatcher'
Sep  5 23:11:29 cu-cs-vm nm-dispatcher: req:1 'down' [enp0s3]: new request (1 scripts)
Sep  5 23:11:29 cu-cs-vm nm-dispatcher: req:1 'down' [enp0s3]: start running ordered scripts...
Sep  5 23:11:29 cu-cs-vm systemd[1]: Started Network Manager Script Dispatcher Service.
Sep  5 23:11:31 cu-cs-vm NetworkManager[1679]: <info>  [1473138691.1558] device (enp0s3): link connected
Sep  5 23:11:31 cu-cs-vm NetworkManager[1679]: <info>  [1473138691.1560] device (enp0s3): state change: unavailable -> disconnected (reason 'carrier-changed') [20 30 40]
Sep  5 23:11:31 cu-cs-vm kernel: [ 4478.605856] e1000: enp0s3 NIC Link is Up 1000 Mbps Full Duplex, Flow Control: RX
Sep  5 23:11:31 cu-cs-vm NetworkManager[1679]: <info>  [1473138691.1589] policy: auto-activating connection 'Wired connection 1'
Sep  5 23:11:31 cu-cs-vm NetworkManager[1679]: <info>  [1473138691.1620] device (enp0s3): Activation: starting connection 'Wired connection 1' (04b932b8-911c-48df-906a-93160af92630)
Sep  5 23:11:31 cu-cs-vm NetworkManager[1679]: <info>  [1473138691.1658] device (enp0s3): state change: disconnected -> prepare (reason 'none') [30 40 0]
Sep  5 23:11:31 cu-cs-vm NetworkManager[1679]: <info>  [1473138691.1660] manager: NetworkManager state is now CONNECTING
Sep  5 23:11:31 cu-cs-vm NetworkManager[1679]: <info>  [1473138691.1667] device (enp0s3): state change: prepare -> config (reason 'none') [40 50 0]
Sep  5 23:11:31 cu-cs-vm NetworkManager[1679]: <info>  [1473138691.1676] device (enp0s3): state change: config -> ip-config (reason 'none') [50 70 0]
Sep  5 23:11:31 cu-cs-vm NetworkManager[1679]: <info>  [1473138691.1679] dhcp4 (enp0s3): activation: beginning transaction (timeout in 45 seconds)
Sep  5 23:11:31 cu-cs-vm NetworkManager[1679]: <info>  [1473138691.1695] dhcp4 (enp0s3): dhclient started with pid 3170
Sep  5 23:11:31 cu-cs-vm dhclient[3170]: DHCPREQUEST of 10.0.2.15 on enp0s3 to 255.255.255.255 port 67 (xid=0xf7ef1ad)
Sep  5 23:11:31 cu-cs-vm dhclient[3170]: DHCPACK of 10.0.2.15 from 10.0.2.2
Sep  5 23:11:31 cu-cs-vm NetworkManager[1679]: <info>  [1473138691.2099]   address 10.0.2.15
Sep  5 23:11:31 cu-cs-vm NetworkManager[1679]: <info>  [1473138691.2100]   plen 24 (255.255.255.0)
Sep  5 23:11:31 cu-cs-vm NetworkManager[1679]: <info>  [1473138691.2100]   gateway 10.0.2.2
Sep  5 23:11:31 cu-cs-vm NetworkManager[1679]: <info>  [1473138691.2100]   server identifier 10.0.2.2
Sep  5 23:11:31 cu-cs-vm NetworkManager[1679]: <info>  [1473138691.2101]   lease time 86400
Sep  5 23:11:31 cu-cs-vm NetworkManager[1679]: <info>  [1473138691.2101]   nameserver '75.75.75.75'
Sep  5 23:11:31 cu-cs-vm NetworkManager[1679]: <info>  [1473138691.2101]   nameserver '75.75.76.76'
Sep  5 23:11:31 cu-cs-vm NetworkManager[1679]: <info>  [1473138691.2101] dhcp4 (enp0s3): state changed unknown -> bound
Sep  5 23:11:31 cu-cs-vm NetworkManager[1679]: <info>  [1473138691.2112] device (enp0s3): state change: ip-config -> ip-check (reason 'none') [70 80 0]
Sep  5 23:11:31 cu-cs-vm NetworkManager[1679]: <info>  [1473138691.2119] device (enp0s3): state change: ip-check -> secondaries (reason 'none') [80 90 0]
Sep  5 23:11:31 cu-cs-vm avahi-daemon[1541]: Joining mDNS multicast group on interface enp0s3.IPv4 with address 10.0.2.15.
Sep  5 23:11:31 cu-cs-vm NetworkManager[1679]: <info>  [1473138691.2123] device (enp0s3): state change: secondaries -> activated (reason 'none') [90 100 0]
Sep  5 23:11:31 cu-cs-vm avahi-daemon[1541]: New relevant interface enp0s3.IPv4 for mDNS.
Sep  5 23:11:31 cu-cs-vm NetworkManager[1679]: <info>  [1473138691.2129] manager: NetworkManager state is now CONNECTED_LOCAL
Sep  5 23:11:31 cu-cs-vm avahi-daemon[1541]: Registering new address record for 10.0.2.15 on enp0s3.IPv4.
Sep  5 23:11:31 cu-cs-vm NetworkManager[1679]: <info>  [1473138691.2136] manager: NetworkManager state is now CONNECTED_GLOBAL
Sep  5 23:11:31 cu-cs-vm dhclient[3170]: bound to 10.0.2.15 -- renewal in 41600 seconds.
